(TOK_QUERY (TOK_FROM (TOK_SUBQUERY (TOK_QUERY (TOK_FROM (TOK_TABREF (TOK_TAB srcbucket) (TOK_TABLESAMPLE 1 2) s)) (TOK_INSERT (TOK_DESTINATION (TOK_DIR TOK_TMP_FILE)) (TOK_SELECT (TOK_SELEXPR (TOK_ALLCOLREF s))))))) (TOK_INSERT (TOK_DESTINATION (TOK_TABDEST (TOK_TAB dest1))) (TOK_SELECT (TOK_SELEXPR TOK_ALLCOLREF)))) null