query: DROP TABLE datatest
query: CREATE TABLE datatest(int_data1 INT, int_data2 INT, boolean_data BOOLEAN, double_data DOUBLE, string_data STRING) ROW FORMAT DELIMITED FIELDS TERMINATED BY ','
query: LOAD DATA LOCAL INPATH '../data/files/datatest.txt' INTO TABLE datatest
query: SELECT * FROM (SELECT int_data1 , int_data2, boolean_data, double_data, string_data, SUM(int_data2) OVER(partition by boolean_data) FROM datatest) tmp ORDER BY double_data
Output: file:/data/tdwadmin/testroach/QE050/qe/build/ql/tmp/186984735/10000
0	5	false	2.2957055987034902	Analysis	20
1	0	false	3.1145951928143676	LEAD	20
0	3	false	5.1726951608379865	TDW	20
1	8	true	5.621675730832165	etc	47
2	3	true	8.77171395741883	The	47
2	1	true	9.589949434284112	For	47
2	7	false	14.998223744245005	Used	20
1	9	true	16.91358120533963	TDW	47
0	2	true	19.398344450148464	To	47
0	4	true	19.754128235118877	SUM	47
2	2	false	20.494577702885913	RANK	20
2	5	true	22.15271891090531	Test	47
1	1	true	24.506909362217737	Which	47
2	0	true	32.91569954365889	Include	47
1	1	false	32.92404678679056	Functions	20
0	2	false	39.845454645318426	LAG	20
0	4	true	39.95053934832555	The	47
0	0	false	41.33606448637874	Data	20
1	5	true	41.39006188846539	Set	47
1	5	true	46.927050000959326	Test	47
query: SELECT * FROM (SELECT int_data1 , int_data2, boolean_data, double_data, string_data, SUM(distinct int_data2) OVER(partition by boolean_data) FROM datatest) tmp ORDER BY double_data
Output: file:/data/tdwadmin/testroach/QE050/qe/build/ql/tmp/251174630/10000
0	5	false	2.2957055987034902	Analysis	18
1	0	false	3.1145951928143676	LEAD	18
0	3	false	5.1726951608379865	TDW	18
1	8	true	5.621675730832165	etc	32
2	3	true	8.77171395741883	The	32
2	1	true	9.589949434284112	For	32
2	7	false	14.998223744245005	Used	18
1	9	true	16.91358120533963	TDW	32
0	2	true	19.398344450148464	To	32
0	4	true	19.754128235118877	SUM	32
2	2	false	20.494577702885913	RANK	18
2	5	true	22.15271891090531	Test	32
1	1	true	24.506909362217737	Which	32
2	0	true	32.91569954365889	Include	32
1	1	false	32.92404678679056	Functions	18
0	2	false	39.845454645318426	LAG	18
0	4	true	39.95053934832555	The	32
0	0	false	41.33606448637874	Data	18
1	5	true	41.39006188846539	Set	32
1	5	true	46.927050000959326	Test	32
query: SELECT * FROM (SELECT int_data1 , int_data2, boolean_data, double_data, string_data, SUM(double_data) OVER(partition by boolean_data) FROM datatest) tmp ORDER BY double_data
Output: file:/data/tdwadmin/testroach/QE050/qe/build/ql/tmp/548852633/10000
0	5	false	2.2957055987034902	Analysis	160.1813633179745
1	0	false	3.1145951928143676	LEAD	160.1813633179745
0	3	false	5.1726951608379865	TDW	160.1813633179745
1	8	true	5.621675730832165	etc	287.8923720676743
2	3	true	8.77171395741883	The	287.8923720676743
2	1	true	9.589949434284112	For	287.8923720676743
2	7	false	14.998223744245005	Used	160.1813633179745
1	9	true	16.91358120533963	TDW	287.8923720676743
0	2	true	19.398344450148464	To	287.8923720676743
0	4	true	19.754128235118877	SUM	287.8923720676743
2	2	false	20.494577702885913	RANK	160.1813633179745
2	5	true	22.15271891090531	Test	287.8923720676743
1	1	true	24.506909362217737	Which	287.8923720676743
2	0	true	32.91569954365889	Include	287.8923720676743
1	1	false	32.92404678679056	Functions	160.1813633179745
0	2	false	39.845454645318426	LAG	160.1813633179745
0	4	true	39.95053934832555	The	287.8923720676743
0	0	false	41.33606448637874	Data	160.1813633179745
1	5	true	41.39006188846539	Set	287.8923720676743
1	5	true	46.927050000959326	Test	287.8923720676743
query: SELECT * FROM (SELECT int_data1 , int_data2, boolean_data, double_data, string_data, SUM(distinct double_data) OVER(partition by boolean_data) FROM datatest) tmp ORDER BY double_data
Output: file:/data/tdwadmin/testroach/QE050/qe/build/ql/tmp/155190725/10000
0	5	false	2.2957055987034902	Analysis	160.1813633179745
1	0	false	3.1145951928143676	LEAD	160.1813633179745
0	3	false	5.1726951608379865	TDW	160.1813633179745
1	8	true	5.621675730832165	etc	287.8923720676743
2	3	true	8.77171395741883	The	287.8923720676743
2	1	true	9.589949434284112	For	287.8923720676743
2	7	false	14.998223744245005	Used	160.1813633179745
1	9	true	16.91358120533963	TDW	287.8923720676743
0	2	true	19.398344450148464	To	287.8923720676743
0	4	true	19.754128235118877	SUM	287.8923720676743
2	2	false	20.494577702885913	RANK	160.1813633179745
2	5	true	22.15271891090531	Test	287.8923720676743
1	1	true	24.506909362217737	Which	287.8923720676743
2	0	true	32.91569954365889	Include	287.8923720676743
1	1	false	32.92404678679056	Functions	160.1813633179745
0	2	false	39.845454645318426	LAG	160.1813633179745
0	4	true	39.95053934832555	The	287.8923720676743
0	0	false	41.33606448637874	Data	160.1813633179745
1	5	true	41.39006188846539	Set	287.8923720676743
1	5	true	46.927050000959326	Test	287.8923720676743
query: DROP TABLE datatest
query: 
query: 
query: 
query: 
query: 
query: 
query: 
query: 
