query: DROP TABLE nulltest
query: CREATE TABLE nulltest(int_data1 INT, int_data2 INT, boolean_data BOOLEAN, double_data DOUBLE, string_data STRING) ROW FORMAT DELIMITED FIELDS TERMINATED BY ','
query: LOAD DATA LOCAL INPATH '../data/files/nulltest.txt' INTO TABLE nulltest
query: SELECT * FROM (SELECT int_data1 , int_data2, boolean_data, double_data, string_data, SUM(int_data2) OVER(partition by boolean_data) FROM nulltest) tmp ORDER BY double_data, string_data
Output: file:/data/tdwadmin/testroach/QE050/qe/build/ql/tmp/71033047/10000
0	NULL	false	NULL	Analysis	3
2	NULL	false	NULL	RANK	3
1	5	true	NULL	Set	24
2	NULL	false	NULL	Used	3
1	0	false	3.1145951928143676	LEAD	3
0	NULL	NULL	5.1726951608379865	TDW	19
1	8	NULL	5.621675730832165	etc	19
2	3	true	8.77171395741883	The	24
2	1	true	9.589949434284112	NULL	24
1	9	NULL	16.91358120533963	TDW	19
0	2	NULL	19.398344450148464	NULL	19
0	4	true	19.754128235118877	NULL	24
2	5	true	22.15271891090531	Test	24
1	1	true	24.506909362217737	Which	24
2	0	true	32.91569954365889	Include	24
1	1	false	32.92404678679056	Functions	3
0	2	false	39.845454645318426	LAG	3
0	NULL	true	39.95053934832555	The	24
0	0	false	41.33606448637874	Data	3
1	5	true	46.927050000959326	Test	24
query: SELECT * FROM (SELECT int_data1 , int_data2, boolean_data, double_data, string_data, SUM(distinct int_data2) OVER(partition by boolean_data) FROM nulltest) tmp ORDER BY double_data, string_data
Output: file:/data/tdwadmin/testroach/QE050/qe/build/ql/tmp/1740284813/10000
0	NULL	false	NULL	Analysis	3
2	NULL	false	NULL	RANK	3
1	5	true	NULL	Set	13
2	NULL	false	NULL	Used	3
1	0	false	3.1145951928143676	LEAD	3
0	NULL	NULL	5.1726951608379865	TDW	19
1	8	NULL	5.621675730832165	etc	19
2	3	true	8.77171395741883	The	13
2	1	true	9.589949434284112	NULL	13
1	9	NULL	16.91358120533963	TDW	19
0	2	NULL	19.398344450148464	NULL	19
0	4	true	19.754128235118877	NULL	13
2	5	true	22.15271891090531	Test	13
1	1	true	24.506909362217737	Which	13
2	0	true	32.91569954365889	Include	13
1	1	false	32.92404678679056	Functions	3
0	2	false	39.845454645318426	LAG	3
0	NULL	true	39.95053934832555	The	13
0	0	false	41.33606448637874	Data	3
1	5	true	46.927050000959326	Test	13
query: SELECT * FROM (SELECT int_data1 , int_data2, boolean_data, double_data, string_data, SUM(double_data) OVER(partition by int_data1) FROM nulltest) tmp ORDER BY double_data, string_data
Output: file:/data/tdwadmin/testroach/QE050/qe/build/ql/tmp/851636076/10000
0	NULL	false	NULL	Analysis	165.45722632612805
2	NULL	false	NULL	RANK	73.43008184626714
1	5	true	NULL	Set	130.00785827895376
2	NULL	false	NULL	Used	73.43008184626714
1	0	false	3.1145951928143676	LEAD	130.00785827895376
0	NULL	NULL	5.1726951608379865	TDW	165.45722632612805
1	8	NULL	5.621675730832165	etc	130.00785827895376
2	3	true	8.77171395741883	The	73.43008184626714
2	1	true	9.589949434284112	NULL	73.43008184626714
1	9	NULL	16.91358120533963	TDW	130.00785827895376
0	2	NULL	19.398344450148464	NULL	165.45722632612805
0	4	true	19.754128235118877	NULL	165.45722632612805
2	5	true	22.15271891090531	Test	73.43008184626714
1	1	true	24.506909362217737	Which	130.00785827895376
2	0	true	32.91569954365889	Include	73.43008184626714
1	1	false	32.92404678679056	Functions	130.00785827895376
0	2	false	39.845454645318426	LAG	165.45722632612805
0	NULL	true	39.95053934832555	The	165.45722632612805
0	0	false	41.33606448637874	Data	165.45722632612805
1	5	true	46.927050000959326	Test	130.00785827895376
query: SELECT * FROM (SELECT int_data1 , int_data2, boolean_data, double_data, string_data, SUM(distinct double_data) OVER(partition by int_data1) FROM nulltest) tmp ORDER BY double_data, string_data
Output: file:/data/tdwadmin/testroach/QE050/qe/build/ql/tmp/767861866/10000
0	NULL	false	NULL	Analysis	165.45722632612805
2	NULL	false	NULL	RANK	73.43008184626714
1	5	true	NULL	Set	130.0078582789538
2	NULL	false	NULL	Used	73.43008184626714
1	0	false	3.1145951928143676	LEAD	130.0078582789538
0	NULL	NULL	5.1726951608379865	TDW	165.45722632612805
1	8	NULL	5.621675730832165	etc	130.0078582789538
2	3	true	8.77171395741883	The	73.43008184626714
2	1	true	9.589949434284112	NULL	73.43008184626714
1	9	NULL	16.91358120533963	TDW	130.0078582789538
0	2	NULL	19.398344450148464	NULL	165.45722632612805
0	4	true	19.754128235118877	NULL	165.45722632612805
2	5	true	22.15271891090531	Test	73.43008184626714
1	1	true	24.506909362217737	Which	130.0078582789538
2	0	true	32.91569954365889	Include	73.43008184626714
1	1	false	32.92404678679056	Functions	130.0078582789538
0	2	false	39.845454645318426	LAG	165.45722632612805
0	NULL	true	39.95053934832555	The	165.45722632612805
0	0	false	41.33606448637874	Data	165.45722632612805
1	5	true	46.927050000959326	Test	130.0078582789538
query: DROP TABLE nulltest
query: 
query: 
query: 
query: 
query: 
query: 
query: 
query: 
