query: DROP TABLE businesssrc
query: CREATE TABLE businesssrc(cust_num INT, region_id INT, saler_id INT, year INT, month INT, tot_orders INT, tot_sales INT) ROW FORMAT DELIMITED FIELDS TERMINATED BY ','
query: LOAD DATA LOCAL INPATH '../data/files/saledata.txt' INTO TABLE businesssrc
query: EXPLAIN
FROM businesssrc
SELECT cust_num, region_id, saler_id, year, month, LEAD(tot_sales) OVER(partition by region_id order by year asc, month desc)
ABSTRACT SYNTAX TREE:
  (TOK_QUERY (TOK_FROM (TOK_TABREF (TOK_TAB businesssrc))) (TOK_INSERT (TOK_DESTINATION (TOK_DIR TOK_TMP_FILE)) (TOK_SELECT (TOK_SELEXPR (TOK_TABLE_OR_COL cust_num)) (TOK_SELEXPR (TOK_TABLE_OR_COL region_id)) (TOK_SELEXPR (TOK_TABLE_OR_COL saler_id)) (TOK_SELEXPR (TOK_TABLE_OR_COL year)) (TOK_SELEXPR (TOK_TABLE_OR_COL month)) (TOK_SELEXPR (TOK_FUNCTIONOVER LEADover (TOK_FUNCPARAMETER (TOK_TABLE_OR_COL tot_sales)) (TOK_PARTITIONBY (TOK_TABLE_OR_COL region_id)) (TOK_ORDERBY (TOK_TABSORTCOLNAMEASC (TOK_TABLE_OR_COL year)) (TOK_TABSORTCOLNAMEDESC (TOK_TABLE_OR_COL month))))))))

STAGE DEPENDENCIES:
  Stage-1
    type:root stage;
  Stage-0
    type:root stage;

STAGE PLANS:
  Stage: Stage-1
    Map Reduce
      Alias -> Map Operator Tree:
        default_db/businesssrc 
          Operator:          TableScan
            alias: default_db/businesssrc
            Operator:            Reduce Output Operator
              key expressions:
                    expr: region_id
                    type: int
                    expr: year
                    type: int
                    expr: month
                    type: int
              key serialize infos:
                table descs
                  input format: org.apache.hadoop.mapred.SequenceFileInputFormat
                  output format: org.apache.hadoop.hive.ql.io.HiveSequenceFileOutputFormat
              sort order: ++-
              output key names: _col0, _col1, _col2
              output value names: _col0, _col1, _col2, _col3, _col4, _col5, _col6, _col7
              Map-reduce partition columns:
                    expr: region_id
                    type: int
              tag: -1
              value expressions:
                    expr: tot_sales
                    type: int
                    expr: cust_num
                    type: int
                    expr: region_id
                    type: int
                    expr: saler_id
                    type: int
                    expr: year
                    type: int
                    expr: month
                    type: int
                    expr: tot_orders
                    type: int
                    expr: tot_sales
                    type: int
      Path -> Alias:
        file:/data/tdwadmin/testroach/QE050/qe/build/ql/test/data/warehouse/default_db/businesssrc [default_db/businesssrc]
      Reduce Operator Tree:
        Operator:        Analysis Operator
          Analysises:
                expr: leadover(VALUE._col0) OVER (KEY._col0 KEY._col1, KEY._col2 )
          Distinct: false
          expr: leadover(VALUE._col0) OVER (KEY._col0 KEY._col1, KEY._col2 )
          OrderByKeys:
                expr: KEY._col1
                type: int
                expr: KEY._col2
                type: int
          OtherColumns:
                expr: VALUE._col1
                type: int
                expr: VALUE._col3
                type: int
          OutputColumnNames: _col0, _col1, _col2, _col3, _col5, _col7
          PartitionByKeys:
                expr: KEY._col0
                type: int
          Operator:          Select Operator
            expressions:
                  expr: _col5
                  type: int
                  expr: _col0
                  type: int
                  expr: _col7
                  type: int
                  expr: _col1
                  type: int
                  expr: _col2
                  type: int
                  expr: _col3
                  type: int
            outputColumnNames: _col0, _col1, _col2, _col3, _col4, _col5
            Operator:            File Output Operator
              compressed: false
              GlobalTableId: 0
              table:
                table descs
                  input format: org.apache.hadoop.mapred.TextInputFormat
                  output format: org.apache.hadoop.hive.ql.io.HiveIgnoreKeyTextOutputFormat

  Stage: Stage-0
    Fetch Operator
      limit: -1

query: SELECT * FROM (SELECT region_id, cust_num, saler_id, year, month, tot_sales, LEAD(tot_sales) OVER(partition by region_id order by year, month) FROM businesssrc) tmp ORDER BY region_id, cust_num, saler_id, year, month
Output: file:/data/tdwadmin/testroach/QE050/qe/build/ql/tmp/839177326/10000
1	14	14	2006	5	18369	17803
1	14	14	2010	9	95103	81911
1	14	37	2007	3	17365	21102
1	14	46	2008	10	66116	76683
1	14	46	2008	12	95923	93744
1	14	46	2009	9	99166	59041
1	14	46	2010	7	79847	95103
1	14	46	2010	11	76692	5844
1	22	14	2010	6	72469	63941
1	22	37	2008	10	22165	66116
1	22	37	2010	2	17058	60484
1	25	14	2007	4	99068	15172
1	25	14	2007	8	98502	44895
1	25	14	2010	1	15863	17058
1	25	37	2006	8	21120	7626
1	25	37	2007	4	15172	70379
1	25	37	2008	1	34492	14843
1	25	37	2010	12	20418	29972
1	25	46	2007	3	21102	99068
1	25	46	2007	8	85137	20033
1	25	46	2010	11	51682	76692
1	31	14	2006	5	33234	18369
1	31	14	2007	2	62221	17365
1	31	14	2007	5	71838	66595
1	31	14	2010	2	13534	1626
1	31	14	2010	6	46416	72469
1	31	37	2008	7	35916	82164
1	31	37	2008	9	37899	22165
1	31	37	2009	7	85849	59215
1	31	46	2006	2	60675	33234
1	46	14	2006	6	17803	58171
1	46	14	2007	1	48662	62221
1	46	14	2007	12	50423	73443
1	46	14	2009	6	63059	17684
1	46	14	2010	2	60484	27838
1	46	37	2007	7	40216	85137
1	46	37	2009	2	69880	92410
1	46	46	2006	1	66055	60675
1	46	46	2008	4	33054	87919
1	46	46	2008	5	36295	35916
1	46	46	2008	5	59883	36295
1	46	46	2010	9	81911	58848
1	47	14	2008	9	13841	37899
1	47	14	2008	10	76683	95923
1	47	37	2006	12	77115	17033
1	47	37	2007	1	17033	48662
1	47	37	2007	7	65943	89122
1	47	37	2008	3	89244	88479
1	47	46	2007	7	66595	65943
1	47	46	2008	5	87919	59883
1	48	14	2010	10	58848	51682
1	48	37	2009	7	17684	85849
1	48	37	2009	12	59041	15863
1	48	37	2010	2	27838	9326
1	48	37	2010	7	63941	79847
1	48	46	2006	1	7422	66055
1	48	46	2006	7	24882	21120
1	48	46	2006	10	7626	77115
1	48	46	2007	9	44895	66631
1	48	46	2007	11	66631	50423
1	48	46	2010	12	29972	NULL
1	65	14	2007	12	73443	76028
1	65	14	2008	12	93744	30034
1	65	37	2007	8	20033	98502
1	65	46	2010	12	5844	20418
1	87	14	2009	2	30034	69880
1	87	14	2010	3	1626	50967
1	87	37	2008	8	82164	13841
1	87	37	2009	7	2967	99166
1	102	14	2007	5	70379	71838
1	102	14	2007	7	89122	40216
1	102	14	2008	2	14843	89244
1	102	14	2009	2	92410	63059
1	102	14	2010	4	50967	46416
1	102	37	2006	6	58171	24882
1	102	37	2008	4	88479	33054
1	102	46	2007	12	76028	34492
1	102	46	2009	7	59215	2967
1	102	46	2010	2	9326	13534
2	4	7	2006	5	77828	20671
2	4	7	2006	7	61934	44982
2	4	7	2006	12	89911	61289
2	4	7	2008	4	52809	30028
2	4	7	2010	12	61175	NULL
2	4	9	2008	11	48817	7985
2	4	9	2010	4	77308	76118
2	4	31	2006	5	64245	39629
2	4	31	2007	5	17688	76461
2	4	31	2007	8	25973	73112
2	4	31	2009	3	89270	55154
2	50	7	2006	1	11908	57888
2	50	7	2007	8	87364	22145
2	50	7	2007	12	70671	18867
2	50	7	2008	9	70800	50792
2	50	9	2006	12	46291	89911
2	50	9	2009	2	58318	89270
2	50	31	2008	8	79619	70800
2	64	7	2006	2	20661	81236
2	64	7	2009	9	10063	38110
2	64	9	2006	1	3985	62414
2	64	9	2006	11	14620	46291
2	64	9	2008	7	13730	67488
2	64	9	2009	7	78467	10063
2	64	9	2010	12	59765	61175
2	64	31	2006	1	57888	4431
2	64	31	2008	2	27812	9061
2	68	7	2010	6	76118	56139
2	68	9	2008	6	86518	25722
2	68	9	2008	7	25722	13730
2	68	9	2008	10	50792	88115
2	68	31	2007	9	40512	43474
2	68	31	2008	8	4145	41334
2	71	7	2007	12	43474	70671
2	71	7	2009	6	31365	59893
2	71	7	2009	9	38765	84907
2	71	9	2009	1	88987	58318
2	71	31	2008	5	2567	86518
2	71	31	2009	7	59893	78467
2	71	31	2010	12	15200	59765
2	85	7	2008	5	30028	2567
2	85	7	2008	7	57798	4145
2	85	7	2009	12	30511	98382
2	85	9	2006	7	83958	61934
2	85	9	2008	10	88115	48817
2	85	9	2008	11	23974	88987
2	85	9	2009	9	38110	38765
2	85	9	2010	8	56139	30951
2	85	9	2010	12	19343	15200
2	85	31	2007	8	73112	87364
2	85	31	2008	7	67488	84406
2	85	31	2008	7	84406	57798
2	85	31	2008	8	41334	79619
2	90	7	2006	6	39629	83958
2	90	7	2009	11	20082	30511
2	90	9	2006	2	62414	20661
2	90	9	2009	3	55154	31365
2	90	9	2010	3	78104	41852
2	90	31	2010	3	98382	76377
2	91	7	2006	8	44982	14620
2	91	7	2007	2	61289	17688
2	91	9	2006	1	4431	3985
2	91	9	2010	4	41852	77308
2	91	31	2010	8	23832	65758
2	101	7	2006	5	20671	64245
2	101	7	2008	1	57862	27812
2	101	7	2009	10	84907	20082
2	101	9	2006	3	81236	77828
2	101	9	2007	7	76461	25973
2	101	9	2007	8	22145	95957
2	101	9	2007	9	95957	40512
2	101	9	2007	12	18867	57862
2	101	9	2008	4	9061	52809
2	101	9	2010	12	2155	19343
2	101	31	2008	11	7985	23974
2	101	31	2010	3	76377	78104
2	101	31	2010	8	30951	23832
2	101	31	2010	11	65758	2155
3	23	10	2010	3	1545	32911
3	23	21	2006	9	76927	75699
3	23	21	2008	9	30988	87350
3	23	21	2009	7	4030	25064
3	23	24	2006	8	93853	62060
3	23	24	2006	11	75699	55395
3	23	24	2010	1	78958	1545
3	23	38	2010	6	11694	90537
3	23	38	2010	9	43517	39227
3	32	10	2009	8	2738	31533
3	32	10	2010	3	32911	43883
3	32	21	2006	2	12585	29031
3	32	21	2009	3	67690	31413
3	32	24	2010	7	26535	89080
3	32	38	2008	3	69465	69461
3	32	38	2008	8	43096	20375
3	32	38	2008	11	87350	75549
3	39	10	2006	1	28467	40182
3	39	10	2006	7	82876	93853
3	39	10	2007	11	44327	19863
3	39	24	2006	1	40182	12585
3	39	24	2007	2	19880	8129
3	39	24	2007	3	50860	26633
3	39	24	2009	6	70530	78752
3	39	24	2010	9	93378	43517
3	39	38	2007	1	57429	97669
3	39	38	2008	4	69461	76281
3	39	38	2009	6	67837	40628
3	39	38	2009	12	95880	78958
3	39	38	2010	11	72346	56957
3	44	10	2007	1	67070	57429
3	44	10	2008	7	31084	43096
3	44	10	2009	7	40628	26015
3	44	10	2010	6	72370	8770
3	44	21	2008	6	12653	66517
3	44	21	2009	7	25064	2738
3	44	21	2010	6	63476	11694
3	44	38	2006	5	67964	30897
3	44	38	2006	7	51849	82876
3	59	10	2006	8	62060	13439
3	59	10	2006	12	55395	67070
3	59	10	2007	2	48411	50860
3	59	10	2008	6	66517	31084
3	59	21	2006	7	30897	59362
3	59	24	2006	3	29031	87836
3	59	24	2009	6	78752	67837
3	59	24	2010	12	91567	NULL
3	59	38	2009	11	15397	95880
3	59	38	2010	5	43883	63476
3	72	10	2010	11	56957	55927
3	72	21	2008	6	67192	12653
3	72	21	2009	7	86993	4030
3	72	24	2006	4	9417	67964
3	72	24	2007	9	96242	44327
3	72	24	2008	9	20375	30988
3	72	24	2009	3	61604	67690
3	72	38	2009	9	31533	15397
3	72	38	2010	9	89080	93378
3	76	10	2010	11	55927	91567
3	76	21	2006	3	87836	9417
3	76	21	2006	8	13439	76927
3	76	21	2007	7	29287	44545
3	76	21	2009	7	26015	86993
3	76	24	2006	7	59362	51849
3	76	24	2008	5	76281	67192
3	76	24	2010	7	8770	26535
3	76	38	2007	9	32795	96242
3	76	38	2010	6	90537	72370
3	103	10	2010	11	16554	72346
3	103	21	2007	1	97669	19880
3	103	21	2007	6	26633	29287
3	103	21	2008	1	19863	69465
3	103	21	2009	6	31413	63719
3	103	24	2007	8	44545	32795
3	103	24	2009	2	75549	61604
3	103	38	2007	2	8129	48411
3	103	38	2009	6	63719	70530
3	103	38	2010	10	39227	16554
4	7	18	2006	8	39699	86353
4	7	29	2007	5	73089	89622
4	7	29	2009	1	5486	9595
4	7	29	2010	8	30560	66521
4	7	30	2009	12	46034	62367
4	7	40	2007	3	79473	73089
4	8	6	2006	5	8405	23286
4	8	6	2010	4	33540	78718
4	8	6	2010	5	55669	75277
4	8	6	2010	12	46461	NULL
4	8	18	2007	6	9948	22871
4	8	18	2007	10	38209	2677
4	8	29	2006	6	23286	39699
4	8	29	2006	11	6547	97202
4	8	29	2008	12	71796	5486
4	8	30	2008	1	33924	32669
4	8	30	2008	11	86876	87082
4	17	18	2008	1	32669	75846
4	17	29	2006	3	16354	90762
4	17	29	2009	7	43174	4520
4	17	40	2009	6	3867	30716
4	20	6	2006	10	59826	6547
4	20	29	2007	7	11586	46855
4	20	29	2009	1	62702	40561
4	20	30	2007	12	2677	33924
4	20	30	2009	1	9595	62702
4	20	30	2010	3	8112	33540
4	20	30	2010	8	66521	73347
4	20	40	2008	9	4894	86876
4	20	40	2009	4	69269	3867
4	24	6	2007	2	65788	80109
4	24	6	2007	6	71863	9948
4	24	6	2008	1	75846	23179
4	24	6	2010	5	41278	55669
4	24	6	2010	9	73347	28330
4	24	18	2006	12	97202	65788
4	24	18	2007	6	89622	71863
4	24	18	2008	12	87082	88845
4	24	29	2009	3	67253	42893
4	24	30	2006	10	84632	59826
4	24	30	2007	3	51227	79473
4	24	30	2007	8	46855	41171
4	24	30	2008	4	23179	98559
4	24	30	2008	12	88845	71796
4	40	6	2008	6	3851	90807
4	40	18	2006	1	13744	85149
4	40	18	2009	2	40561	6553
4	40	18	2009	3	42893	69269
4	40	18	2009	8	4520	46034
4	40	30	2006	5	90762	8405
4	40	40	2010	7	11434	30560
4	60	6	2010	4	78718	41278
4	60	18	2007	2	80109	51227
4	60	18	2008	5	98559	61804
4	81	6	2010	10	28330	57045
4	81	6	2010	12	57045	46461
4	81	18	2007	7	36689	11586
4	81	29	2009	2	6553	67253
4	81	30	2006	3	85149	16354
4	81	30	2007	7	22871	36689
4	81	30	2009	6	30716	43174
4	81	40	2008	7	90807	99815
4	97	6	2007	9	43622	38209
4	97	6	2008	6	61804	6196
4	97	6	2008	7	99815	4894
4	97	18	2010	2	62367	8112
4	97	29	2006	9	86353	84632
4	97	29	2008	6	6196	3851
4	97	30	2010	7	75277	11434
4	97	40	2007	9	41171	43622
5	1	5	2007	10	5574	98003
5	1	5	2008	10	75830	22780
5	1	5	2008	11	22780	21522
5	1	5	2009	3	60190	30720
5	1	43	2007	9	59001	33085
5	1	43	2008	10	22429	75830
5	1	47	2006	4	39582	73017
5	1	47	2009	3	30720	33406
5	1	47	2010	1	84067	33186
5	19	5	2007	2	62341	39723
5	19	5	2009	1	89591	13416
5	19	5	2010	8	79106	51052
5	19	43	2009	6	33943	35173
5	19	43	2009	8	35173	20498
5	19	43	2010	5	63708	92575
5	19	43	2010	6	90890	43762
5	19	47	2006	8	14165	99635
5	19	47	2008	1	25525	43245
5	41	5	2006	8	99635	77499
5	41	5	2007	11	75502	75131
5	41	5	2008	2	28768	38200
5	41	5	2010	5	92575	93966
5	41	43	2006	1	45434	31933
5	41	43	2007	9	15130	59001
5	41	43	2008	6	47157	21438
5	41	43	2010	1	43737	84067
5	41	43	2010	4	94011	9166
5	41	47	2009	5	52487	33943
5	41	47	2010	11	25523	NULL
5	43	5	2007	4	39723	25303
5	43	43	2006	6	24753	14165
5	43	43	2008	6	40652	47157
5	43	43	2010	3	43672	94011
5	43	47	2008	5	51770	64815
5	43	47	2008	9	5721	22429
5	43	47	2009	12	78145	43737
5	43	47	2010	5	93966	63392
5	45	5	2006	8	77499	89345
5	45	5	2006	10	89345	52323
5	45	5	2007	7	19181	68560
5	45	5	2008	2	43245	28768
5	45	43	2006	3	31933	39582
5	45	43	2006	11	52323	7963
5	45	43	2007	11	75131	43792
5	45	43	2009	3	13416	59432
5	45	47	2009	1	9202	80066
5	45	47	2009	3	33406	52487
5	45	47	2010	10	51052	38681
5	69	5	2010	2	33186	43672
5	69	43	2006	1	99040	45434
5	69	43	2007	10	98003	75502
5	69	43	2008	8	21438	5721
5	69	43	2009	1	76526	89591
5	69	47	2006	11	7963	13495
5	69	47	2007	8	68560	15130
5	69	47	2008	6	64815	40652
5	86	5	2006	11	13495	78837
5	86	5	2007	12	43792	73334
5	86	43	2006	4	73017	24753
5	86	43	2006	12	40020	42887
5	86	43	2006	12	42887	54693
5	86	43	2010	4	57438	56714
5	86	47	2009	3	59432	60190
5	86	47	2010	4	56714	63708
5	86	47	2010	7	43762	79106
5	86	47	2010	10	38681	25523
5	94	5	2006	12	78837	40020
5	94	5	2007	10	33085	5574
5	94	5	2008	1	73334	25525
5	94	5	2010	4	74924	57438
5	94	43	2010	4	9166	74924
5	94	47	2007	1	54693	62341
5	94	47	2008	5	38200	51770
5	94	47	2010	6	63392	90890
5	95	5	2007	5	25303	19181
5	95	43	2008	12	21522	9202
5	95	43	2009	1	80066	76526
5	95	43	2009	10	47021	78145
5	95	47	2009	10	20498	47021
6	5	12	2009	6	20311	75065
6	5	12	2009	11	88907	78010
6	5	13	2009	4	70514	64595
6	5	17	2006	9	66924	96693
6	5	17	2010	3	30353	44412
6	5	33	2006	9	94398	66924
6	5	33	2008	11	56331	75389
6	5	33	2008	11	75389	33034
6	5	44	2007	1	90819	50929
6	15	33	2008	3	44335	90158
6	15	44	2008	3	81777	44335
6	15	44	2010	5	40388	16237
6	28	12	2008	5	70316	56331
6	29	12	2006	9	96693	29970
6	29	13	2006	12	30560	90819
6	29	44	2009	4	64595	64880
6	34	13	2006	12	29970	30560
6	34	13	2010	12	43670	43076
6	34	33	2010	9	80315	43670
6	37	13	2006	6	74782	16776
6	37	13	2010	5	16237	80315
6	37	17	2007	12	88780	47331
6	37	33	2009	5	64880	4536
6	51	13	2009	6	32836	5469
6	52	12	2006	8	75756	94398
6	52	13	2006	3	99803	52244
6	52	17	2006	1	34518	75260
6	52	17	2007	8	33222	15596
6	52	17	2007	12	89767	60108
6	52	17	2008	12	33034	7207
6	52	17	2010	3	31698	30353
6	52	33	2008	4	28373	72540
6	52	33	2010	12	43076	NULL
6	53	12	2009	11	78010	42143
6	53	13	2006	1	75260	9109
6	53	17	2010	4	55283	40388
6	53	44	2007	3	35299	9133
6	54	12	2010	3	44412	55283
6	54	13	2008	4	72540	70316
6	54	33	2009	1	71284	40143
6	54	44	2006	6	16776	99019
6	56	12	2006	7	99019	75756
6	56	33	2006	1	9109	79252
6	56	33	2009	7	43001	23936
6	56	44	2009	1	40143	79289
6	58	13	2006	2	79252	99803
6	58	13	2008	2	61213	81777
6	58	17	2009	10	68644	65526
6	58	33	2007	1	50929	35299
6	61	12	2009	2	79289	70514
6	61	17	2007	3	9133	69739
6	61	17	2008	4	90158	28373
6	61	33	2009	10	65526	88907
6	61	44	2009	6	5469	20311
6	61	44	2009	12	42143	31698
6	82	12	2007	7	69739	14377
6	82	17	2007	10	15596	89767
6	82	17	2007	12	47331	61213
6	82	33	2006	4	52244	74782
6	82	33	2008	12	7207	71284
6	82	33	2009	7	52921	68644
6	83	12	2007	7	14377	8153
6	83	13	2009	7	23936	52921
6	83	17	2007	8	8153	33222
6	83	33	2007	12	60108	88780
6	83	33	2009	5	4536	32836
6	83	44	2009	6	75065	43001
7	33	4	2006	5	13324	50563
7	33	4	2006	7	1638	38875
7	33	4	2008	6	79435	71449
7	33	4	2009	1	78993	7477
7	33	4	2009	5	50168	60976
7	33	4	2009	6	76744	74196
7	33	4	2009	12	98490	77906
7	33	27	2006	3	63111	77072
7	33	27	2009	2	7477	49081
7	33	27	2009	7	39438	31328
7	33	27	2010	3	41385	43141
7	33	27	2010	12	36739	12690
7	57	4	2006	1	2171	25214
7	57	4	2006	1	58055	2240
7	57	4	2006	11	84319	9547
7	57	4	2007	4	42716	64483
7	57	4	2007	12	67001	94981
7	57	4	2008	1	54075	24431
7	57	4	2008	8	77781	59570
7	57	4	2008	11	5144	81716
7	57	4	2008	12	81716	77209
7	57	4	2009	8	2183	48488
7	57	4	2009	8	31328	93649
7	57	27	2006	3	44045	24626
7	57	27	2006	9	60870	89136
7	57	27	2007	1	63939	15165
7	57	27	2007	6	64483	94230
7	57	27	2007	12	29555	29109
7	57	27	2007	12	84828	4476
7	57	27	2008	7	10120	77781
7	57	27	2009	11	34449	98490
7	57	27	2010	2	77906	30544
7	57	27	2010	9	5771	3073
7	57	27	2010	12	12690	NULL
7	63	4	2006	10	89136	84319
7	63	4	2006	11	9547	2500
7	63	4	2006	12	2500	63939
7	63	4	2007	10	67138	7521
7	63	4	2007	11	76858	84828
7	63	4	2008	3	24431	82707
7	63	4	2009	11	16076	34449
7	63	4	2010	7	72662	46322
7	63	4	2010	7	46322	5771
7	63	4	2010	11	59510	36739
7	63	27	2006	4	77072	13324
7	63	27	2006	8	38875	60870
7	63	27	2007	1	15165	42716
7	63	27	2007	8	30479	55937
7	63	27	2009	2	49081	91179
7	92	4	2006	1	25214	58055
7	92	4	2007	11	7521	76858
7	92	4	2008	4	82707	79435
7	92	4	2008	6	71449	10120
7	92	4	2009	9	48488	39008
7	92	4	2010	6	43141	72662
7	92	27	2007	7	94230	13581
7	92	27	2007	7	13581	30479
7	92	27	2009	3	17540	40847
7	92	27	2009	3	91179	17540
7	96	4	2006	2	2240	44045
7	96	4	2006	3	24626	63111
7	96	4	2006	7	50563	1638
7	96	4	2007	9	55937	67138
7	96	4	2007	12	94981	29555
7	96	4	2008	9	59570	23215
7	96	4	2008	9	23215	47221
7	96	4	2009	3	40847	50168
7	96	4	2009	7	74196	39438
7	96	4	2009	10	39008	16076
7	96	4	2010	2	30544	41385
7	96	4	2010	11	3073	59510
7	96	27	2007	12	59291	67001
7	96	27	2007	12	4476	59291
7	96	27	2008	1	29109	21817
7	96	27	2008	1	21817	54075
7	96	27	2008	10	47221	5144
7	96	27	2008	12	77209	78993
7	96	27	2009	5	60976	76744
7	96	27	2009	8	93649	2183
query: DROP TABLE businesssrc
query: 
query: 
query: 
query: 
query: 
query: 
query: 
query: 
