query: drop table tst_dest30
query: drop table dest30
query: create table dest30(a int)
query: create table tst_dest30(a int)
query: explain 
insert overwrite table dest30
select count(1) from src
ABSTRACT SYNTAX TREE:
  (TOK_QUERY (TOK_FROM (TOK_TABREF (TOK_TAB src))) (TOK_INSERT (TOK_DESTINATION (TOK_TABDEST (TOK_TAB dest30))) (TOK_SELECT (TOK_SELEXPR (TOK_FUNCTION count 1)))))

STAGE DEPENDENCIES:
  Stage-1
    type:root stage;
  Stage-0
    type:;depends on:Stage-1;

STAGE PLANS:
  Stage: Stage-1
    Map Reduce
      Alias -> Map Operator Tree:
        default_db/src 
          Operator:          TableScan
            alias: default_db/src
            Operator:            Filter Operator
              predicate:
                  expr: (((hash(rand(460476415)) & 2147483647) % 32) = 0)
                  type: boolean
              Operator:              Select Operator
                Operator:                Group By Operator
                  aggregations:
                        expr: count(1)
                  mode: hash
                  outputColumnNames: _col0
                  Operator:                  Reduce Output Operator
                    key serialize infos:
                      table descs
                        input format: org.apache.hadoop.mapred.SequenceFileInputFormat
                        output format: org.apache.hadoop.hive.ql.io.HiveSequenceFileOutputFormat
                    sort order: 
                    output value names: _col0
                    tag: -1
                    value expressions:
                          expr: _col0
                          type: bigint
      Path -> Alias:
        file:/data/tdwadmin/tdwqev1.0R020/qe/build/ql/test/data/warehouse/default_db/src [default_db/src]
      Reduce Operator Tree:
        Operator:        Group By Operator
          aggregations:
                expr: count(VALUE._col0)
          mode: mergepartial
          outputColumnNames: _col0
          Operator:          Select Operator
            expressions:
                  expr: _col0
                  type: bigint
            outputColumnNames: _col0
            Operator:            Select Operator
              expressions:
                    expr: UDFToInteger(_col0)
                    type: int
              outputColumnNames: _col0
              Operator:              File Output Operator
                compressed: false
                GlobalTableId: 1
                table:
                  table descs
                    input format: org.apache.hadoop.mapred.TextInputFormat
                    output format: org.apache.hadoop.hive.ql.io.HiveIgnoreKeyTextOutputFormat
                    serde: org.apache.hadoop.hive.serde2.lazy.LazySimpleSerDe
                    name: tst_dest30

  Stage: Stage-0
    Move Operator
      tables:
          replace: true
          table:
            table descs
              input format: org.apache.hadoop.mapred.TextInputFormat
              output format: org.apache.hadoop.hive.ql.io.HiveIgnoreKeyTextOutputFormat
              serde: org.apache.hadoop.hive.serde2.lazy.LazySimpleSerDe
              name: tst_dest30

query: insert overwrite table dest30
select count(1) from src
Output: default_db/tst_dest30
query: select * from tst_dest30
Input: default_db/tst_dest30
Output: file:/data/tdwadmin/tdwqev1.0R020/qe/build/ql/tmp/571663628/10000
18
query: drop table tst_dest30
query: drop table dest30
query: drop table dest30
query: drop table dest30
query: drop table dest30
query: drop table dest30
query: drop table dest30
query: drop table dest30
query: drop table dest30
query: drop table dest30
