query: CREATE TABLE dest1(value STRING, key INT) STORED AS TEXTFILE
query: EXPLAIN
FROM src1
INSERT OVERWRITE TABLE dest1 SELECT NULL, src1.key where NULL = NULL
ABSTRACT SYNTAX TREE:
  (TOK_QUERY (TOK_FROM (TOK_TABREF (TOK_TAB src1))) (TOK_INSERT (TOK_DESTINATION (TOK_TABDEST (TOK_TAB dest1))) (TOK_SELECT (TOK_SELEXPR TOK_NULL) (TOK_SELEXPR (. (TOK_TABLE_OR_COL src1) key))) (TOK_WHERE (= TOK_NULL TOK_NULL))))

STAGE DEPENDENCIES:
  Stage-1
    type:root stage;
  Stage-4
    type:;depends on:Stage-1;consists of:Stage-3,Stage-2;
  Stage-3
    type:;
  Stage-0
    type:;depends on:Stage-3,Stage-2;
  Stage-2
    type:;

STAGE PLANS:
  Stage: Stage-1
    Map Reduce
      Alias -> Map Operator Tree:
        default_db/src1 
          Operator:          TableScan
            alias: default_db/src1
            Operator:            Filter Operator
              predicate:
                  expr: (null = null)
                  type: boolean
              Operator:              Select Operator
                expressions:
                      expr: null
                      type: string
                      expr: key
                      type: string
                outputColumnNames: _col0, _col1
                Operator:                Select Operator
                  expressions:
                        expr: _col0
                        type: void
                        expr: UDFToInteger(_col1)
                        type: int
                  outputColumnNames: _col0, _col1
                  Operator:                  File Output Operator
                    compressed: false
                    GlobalTableId: 1
                    table:
                      table descs
                        input format: org.apache.hadoop.mapred.TextInputFormat
                        output format: org.apache.hadoop.hive.ql.io.HiveIgnoreKeyTextOutputFormat
                        serde: org.apache.hadoop.hive.serde2.lazy.LazySimpleSerDe
                        name: dest1
      Path -> Alias:
        file:/data/tdwadmin/tdwqev1.0R020/qe/build/ql/test/data/warehouse/default_db/src1 [default_db/src1]

  Stage: Stage-4
    Conditional Operator

  Stage: Stage-3
    Move Operator
      files:
          hdfs directory: true
          destination: file:/data/tdwadmin/tdwqev1.0R020/qe/build/ql/tmp/48863906/10000

  Stage: Stage-0
    Move Operator
      tables:
          replace: true
          table:
            table descs
              input format: org.apache.hadoop.mapred.TextInputFormat
              output format: org.apache.hadoop.hive.ql.io.HiveIgnoreKeyTextOutputFormat
              serde: org.apache.hadoop.hive.serde2.lazy.LazySimpleSerDe
              name: dest1

  Stage: Stage-2
    Map Reduce
      Alias -> Map Operator Tree:
        file:/data/tdwadmin/tdwqev1.0R020/qe/build/ql/tmp/394064539/10002 
            Operator:            Reduce Output Operator
              key serialize infos:
                table descs
                  input format: org.apache.hadoop.mapred.SequenceFileInputFormat
                  output format: org.apache.hadoop.hive.ql.io.HiveSequenceFileOutputFormat
              sort order: 
              output value names: _col0, _col1
              Map-reduce partition columns:
                    expr: rand()
                    type: double
              tag: -1
              value expressions:
                    expr: value
                    type: string
                    expr: key
                    type: int
      Path -> Alias:
        file:/data/tdwadmin/tdwqev1.0R020/qe/build/ql/tmp/394064539/10002 [file:/data/tdwadmin/tdwqev1.0R020/qe/build/ql/tmp/394064539/10002]
      Reduce Operator Tree:
        Operator:        Extract
          Operator:          File Output Operator
            compressed: false
            GlobalTableId: 0
            table:
              table descs
                input format: org.apache.hadoop.mapred.TextInputFormat
                output format: org.apache.hadoop.hive.ql.io.HiveIgnoreKeyTextOutputFormat
                serde: org.apache.hadoop.hive.serde2.lazy.LazySimpleSerDe
                name: dest1

query: FROM src1
INSERT OVERWRITE TABLE dest1 SELECT NULL, src1.key where NULL = NULL
Output: default_db/dest1
query: SELECT dest1.* FROM dest1
Input: default_db/dest1
Output: file:/data/tdwadmin/tdwqev1.0R020/qe/build/ql/tmp/1167932301/10000
query: SELECT dest1.* FROM dest1
query: SELECT dest1.* FROM dest1
query: SELECT dest1.* FROM dest1
query: SELECT dest1.* FROM dest1
query: SELECT dest1.* FROM dest1
query: SELECT dest1.* FROM dest1
query: SELECT dest1.* FROM dest1
query: SELECT dest1.* FROM dest1
