query: CREATE TABLE dest1(key STRING, value STRING) STORED AS TEXTFILE
query: EXPLAIN
FROM (
  FROM src_thrift
  SELECT TRANSFORM(src_thrift.lint, src_thrift.lintstring)
         USING '/bin/cat' AS (tkey, tvalue) 
  CLUSTER BY tkey 
) tmap
INSERT OVERWRITE TABLE dest1 SELECT tmap.tkey, tmap.tvalue
ABSTRACT SYNTAX TREE:
  (TOK_QUERY (TOK_FROM (TOK_SUBQUERY (TOK_QUERY (TOK_FROM (TOK_TABREF (TOK_TAB src_thrift))) (TOK_INSERT (TOK_DESTINATION (TOK_DIR TOK_TMP_FILE)) (TOK_SELECT (TOK_SELEXPR (TOK_TRANSFORM (TOK_EXPLIST (. (TOK_TABLE_OR_COL src_thrift) lint) (. (TOK_TABLE_OR_COL src_thrift) lintstring)) TOK_SERDE '/bin/cat' TOK_SERDE TOK_RECORDREADER (TOK_ALIASLIST tkey tvalue)))) (TOK_CLUSTERBY (TOK_TABLE_OR_COL tkey)))) tmap)) (TOK_INSERT (TOK_DESTINATION (TOK_TABDEST (TOK_TAB dest1))) (TOK_SELECT (TOK_SELEXPR (. (TOK_TABLE_OR_COL tmap) tkey)) (TOK_SELEXPR (. (TOK_TABLE_OR_COL tmap) tvalue)))))

STAGE DEPENDENCIES:
  Stage-1
    type:root stage;
  Stage-0
    type:;depends on:Stage-1;

STAGE PLANS:
  Stage: Stage-1
    Map Reduce
      Alias -> Map Operator Tree:
        tmap:default_db/src_thrift 
          Operator:          TableScan
            alias: default_db/src_thrift
            Operator:            Select Operator
              expressions:
                    expr: lint
                    type: array<int>
                    expr: lintstring
                    type: array<struct<myint:int,mystring:string,underscore_int:int>>
              outputColumnNames: _col0, _col1
              Operator:              Transform Operator
                command: /bin/cat
                output info:
                  table descs
                    input format: org.apache.hadoop.mapred.TextInputFormat
                    output format: org.apache.hadoop.hive.ql.io.HiveIgnoreKeyTextOutputFormat
                Operator:                Reduce Output Operator
                  key expressions:
                        expr: tkey
                        type: string
                  key serialize infos:
                    table descs
                      input format: org.apache.hadoop.mapred.SequenceFileInputFormat
                      output format: org.apache.hadoop.hive.ql.io.HiveSequenceFileOutputFormat
                  sort order: +
                  output key names: reducesinkkey0
                  output value names: _col0, _col1
                  Map-reduce partition columns:
                        expr: tkey
                        type: string
                  tag: -1
                  value expressions:
                        expr: tkey
                        type: string
                        expr: tvalue
                        type: string
      Path -> Alias:
        file:/data/tdwadmin/tdwqev1.0R020/qe/build/ql/test/data/warehouse/default_db/src_thrift [tmap:default_db/src_thrift]
      Reduce Operator Tree:
        Operator:        Extract
          Operator:          Select Operator
            expressions:
                  expr: _col0
                  type: string
                  expr: _col1
                  type: string
            outputColumnNames: _col0, _col1
            Operator:            File Output Operator
              compressed: false
              GlobalTableId: 1
              table:
                table descs
                  input format: org.apache.hadoop.mapred.TextInputFormat
                  output format: org.apache.hadoop.hive.ql.io.HiveIgnoreKeyTextOutputFormat
                  serde: org.apache.hadoop.hive.serde2.lazy.LazySimpleSerDe
                  name: dest1

  Stage: Stage-0
    Move Operator
      tables:
          replace: true
          table:
            table descs
              input format: org.apache.hadoop.mapred.TextInputFormat
              output format: org.apache.hadoop.hive.ql.io.HiveIgnoreKeyTextOutputFormat
              serde: org.apache.hadoop.hive.serde2.lazy.LazySimpleSerDe
              name: dest1

query: FROM (
  FROM src_thrift
  SELECT TRANSFORM(src_thrift.lint, src_thrift.lintstring)
         USING '/bin/cat' AS (tkey, tvalue) 
  CLUSTER BY tkey 
) tmap
INSERT OVERWRITE TABLE dest1 SELECT tmap.tkey, tmap.tvalue
Output: default_db/dest1
query: SELECT dest1.* FROM dest1
Input: default_db/dest1
Output: file:/data/tdwadmin/tdwqev1.0R020/qe/build/ql/tmp/1285897686/10000
[0,0,0]	[{"myint":0,"mystring":"0","underscore_int":0}]
[1,2,3]	[{"myint":1,"mystring":"1","underscore_int":1}]
[2,4,6]	[{"myint":4,"mystring":"8","underscore_int":2}]
[3,6,9]	[{"myint":9,"mystring":"27","underscore_int":3}]
[4,8,12]	[{"myint":16,"mystring":"64","underscore_int":4}]
[5,10,15]	[{"myint":25,"mystring":"125","underscore_int":5}]
[6,12,18]	[{"myint":36,"mystring":"216","underscore_int":6}]
[7,14,21]	[{"myint":49,"mystring":"343","underscore_int":7}]
[8,16,24]	[{"myint":64,"mystring":"512","underscore_int":8}]
[9,18,27]	[{"myint":81,"mystring":"729","underscore_int":9}]
null	null
query: SELECT dest1.* FROM dest1
query: SELECT dest1.* FROM dest1
query: SELECT dest1.* FROM dest1
query: SELECT dest1.* FROM dest1
query: SELECT dest1.* FROM dest1
query: SELECT dest1.* FROM dest1
query: SELECT dest1.* FROM dest1
query: SELECT dest1.* FROM dest1
