query: drop table table1
query: create table table1  (col_name1 string, col_name2 string) partition by hashkey(col_name1)
query: insert overwrite table table1 select * from src
Output: default_db/table1
query: drop table table1
