query: CREATE TABLE dest_j1(key STRING, value STRING, val2 STRING) STORED AS TEXTFILE
query: EXPLAIN EXTENDED
INSERT OVERWRITE TABLE dest_j1
SELECT /*+ MAPJOIN(x,y) */ x.key, z.value, y.value
FROM src1 x JOIN src y ON (x.key = y.key) 
JOIN srcpart z ON (x.key = z.key and z.ds='2008-04-08' and z.hr=13)
ABSTRACT SYNTAX TREE:
  (TOK_QUERY (TOK_FROM (TOK_JOIN (TOK_JOIN (TOK_TABREF (TOK_TAB src1) x) (TOK_TABREF (TOK_TAB src) y) (= (. (TOK_TABLE_OR_COL x) key) (. (TOK_TABLE_OR_COL y) key))) (TOK_TABREF (TOK_TAB srcpart) z) (and (and (= (. (TOK_TABLE_OR_COL x) key) (. (TOK_TABLE_OR_COL z) key)) (= (. (TOK_TABLE_OR_COL z) ds) '2008-04-08')) (= (. (TOK_TABLE_OR_COL z) hr) 13)))) (TOK_INSERT (TOK_DESTINATION (TOK_TABDEST (TOK_TAB dest_j1))) (TOK_SELECT (TOK_HINTLIST (TOK_HINT TOK_MAPJOIN (TOK_HINTARGLIST (TOK_TABLE_OR_COL x) (TOK_TABLE_OR_COL y)))) (TOK_SELEXPR (. (TOK_TABLE_OR_COL x) key)) (TOK_SELEXPR (. (TOK_TABLE_OR_COL z) value)) (TOK_SELEXPR (. (TOK_TABLE_OR_COL y) value)))))

STAGE DEPENDENCIES:
  Stage-1
    type:root stage;
  Stage-4
    type:;depends on:Stage-1;consists of:Stage-3,Stage-2;
  Stage-3
    type:;
  Stage-0
    type:;depends on:Stage-3,Stage-2;
  Stage-2
    type:;

STAGE PLANS:
  Stage: Stage-1
    Map Reduce
      Alias -> Map Operator Tree:
        default_db/srcpart#z 
          Operator:          TableScan
            alias: default_db/srcpart#z
            Operator:            Filter Operator
              isSamplingPred: false
              predicate:
                  expr: ((ds = '2008-04-08') and (hr = 13))
                  type: boolean
              Operator:              Filter Operator
                isSamplingPred: false
                predicate:
                    expr: (ds = '2008-04-08')
                    type: boolean
                Operator:                Filter Operator
                  isSamplingPred: false
                  predicate:
                      expr: (hr = 13)
                      type: boolean
                  Operator:                  Common Join Operator
                    condition map:
                         Inner Join 0 to 1
                         Inner Join 0 to 2
                    condition expressions:
                      0 {key}
                      1 {value}
                      2 {value}
                    handleSkewJoin: false
                    keys:
                      0 [Column[key]]
                      1 [Column[key]]
                      2 [Column[key]]
                    outputColumnNames: _col0, _col3, _col5
                    Position of Big Table: 2
                    Operator:                    Select Operator
                      expressions:
                            expr: _col0
                            type: string
                            expr: _col3
                            type: string
                            expr: _col5
                            type: string
                      outputColumnNames: _col0, _col3, _col5
                      Operator:                      Select Operator
                        expressions:
                              expr: _col0
                              type: string
                              expr: _col5
                              type: string
                              expr: _col3
                              type: string
                        outputColumnNames: _col0, _col1, _col2
                        Operator:                        File Output Operator
                          compressed: false
                          GlobalTableId: 1
                          directory: file:/data/tdwadmin/tdwqev1.0R020/qe/build/ql/tmp/1963523368/10002
                          table:
                            table descs
                              input format: org.apache.hadoop.mapred.TextInputFormat
                              output format: org.apache.hadoop.hive.ql.io.HiveIgnoreKeyTextOutputFormat
                              properties:
                                name dest_j1
                                columns.types string:string:string
                                serialization.ddl struct dest_j1 { string key, string value, string val2}
                                serialization.format 1
                                columns key,value,val2
                                bucket_count -1
                                serialization.lib org.apache.hadoop.hive.serde2.lazy.LazySimpleSerDe
                                file.inputformat org.apache.hadoop.mapred.TextInputFormat
                                file.outputformat org.apache.hadoop.hive.ql.io.HiveIgnoreKeyTextOutputFormat
                                location file:/data/tdwadmin/tdwqev1.0R020/qe/build/ql/test/data/warehouse/default_db/dest_j1
                                db default_db
                              serde: org.apache.hadoop.hive.serde2.lazy.LazySimpleSerDe
                              name: dest_j1
      Local Work:
        Map Reduce Local Work
          Alias -> Map Local Tables:
            default_db/src1#x 
              Fetch Operator
                limit: -1
            default_db/src#y 
              Fetch Operator
                limit: -1
          Alias -> Map Local Operator Tree:
            default_db/src1#x 
              Operator:              TableScan
                alias: default_db/src1#x
                Operator:                Common Join Operator
                  condition map:
                       Inner Join 0 to 1
                       Inner Join 0 to 2
                  condition expressions:
                    0 {key}
                    1 {value}
                    2 {value}
                  handleSkewJoin: false
                  keys:
                    0 [Column[key]]
                    1 [Column[key]]
                    2 [Column[key]]
                  outputColumnNames: _col0, _col3, _col5
                  Position of Big Table: 2
                  Operator:                  Select Operator
                    expressions:
                          expr: _col0
                          type: string
                          expr: _col3
                          type: string
                          expr: _col5
                          type: string
                    outputColumnNames: _col0, _col3, _col5
                    Operator:                    Select Operator
                      expressions:
                            expr: _col0
                            type: string
                            expr: _col5
                            type: string
                            expr: _col3
                            type: string
                      outputColumnNames: _col0, _col1, _col2
                      Operator:                      File Output Operator
                        compressed: false
                        GlobalTableId: 1
                        directory: file:/data/tdwadmin/tdwqev1.0R020/qe/build/ql/tmp/1963523368/10002
                        table:
                          table descs
                            input format: org.apache.hadoop.mapred.TextInputFormat
                            output format: org.apache.hadoop.hive.ql.io.HiveIgnoreKeyTextOutputFormat
                            properties:
                              name dest_j1
                              columns.types string:string:string
                              serialization.ddl struct dest_j1 { string key, string value, string val2}
                              serialization.format 1
                              columns key,value,val2
                              bucket_count -1
                              serialization.lib org.apache.hadoop.hive.serde2.lazy.LazySimpleSerDe
                              file.inputformat org.apache.hadoop.mapred.TextInputFormat
                              file.outputformat org.apache.hadoop.hive.ql.io.HiveIgnoreKeyTextOutputFormat
                              location file:/data/tdwadmin/tdwqev1.0R020/qe/build/ql/test/data/warehouse/default_db/dest_j1
                              db default_db
                            serde: org.apache.hadoop.hive.serde2.lazy.LazySimpleSerDe
                            name: dest_j1
            default_db/src#y 
              Operator:              TableScan
                alias: default_db/src#y
                Operator:                Common Join Operator
                  condition map:
                       Inner Join 0 to 1
                       Inner Join 0 to 2
                  condition expressions:
                    0 {key}
                    1 {value}
                    2 {value}
                  handleSkewJoin: false
                  keys:
                    0 [Column[key]]
                    1 [Column[key]]
                    2 [Column[key]]
                  outputColumnNames: _col0, _col3, _col5
                  Position of Big Table: 2
                  Operator:                  Select Operator
                    expressions:
                          expr: _col0
                          type: string
                          expr: _col3
                          type: string
                          expr: _col5
                          type: string
                    outputColumnNames: _col0, _col3, _col5
                    Operator:                    Select Operator
                      expressions:
                            expr: _col0
                            type: string
                            expr: _col5
                            type: string
                            expr: _col3
                            type: string
                      outputColumnNames: _col0, _col1, _col2
                      Operator:                      File Output Operator
                        compressed: false
                        GlobalTableId: 1
                        directory: file:/data/tdwadmin/tdwqev1.0R020/qe/build/ql/tmp/1963523368/10002
                        table:
                          table descs
                            input format: org.apache.hadoop.mapred.TextInputFormat
                            output format: org.apache.hadoop.hive.ql.io.HiveIgnoreKeyTextOutputFormat
                            properties:
                              name dest_j1
                              columns.types string:string:string
                              serialization.ddl struct dest_j1 { string key, string value, string val2}
                              serialization.format 1
                              columns key,value,val2
                              bucket_count -1
                              serialization.lib org.apache.hadoop.hive.serde2.lazy.LazySimpleSerDe
                              file.inputformat org.apache.hadoop.mapred.TextInputFormat
                              file.outputformat org.apache.hadoop.hive.ql.io.HiveIgnoreKeyTextOutputFormat
                              location file:/data/tdwadmin/tdwqev1.0R020/qe/build/ql/test/data/warehouse/default_db/dest_j1
                              db default_db
                            serde: org.apache.hadoop.hive.serde2.lazy.LazySimpleSerDe
                            name: dest_j1
      Needs Tagging: false
      Path -> Alias:
        file:/data/tdwadmin/tdwqev1.0R020/qe/build/ql/test/data/warehouse/default_db/srcpart/p0/sp2 [default_db/srcpart#z]
      Path -> Partition:
        file:/data/tdwadmin/tdwqev1.0R020/qe/build/ql/test/data/warehouse/default_db/srcpart/p0/sp2 
          Partition
          
            table descs
              input format: org.apache.hadoop.mapred.TextInputFormat
              output format: org.apache.hadoop.hive.ql.io.HiveIgnoreKeyTextOutputFormat
              properties:
                name srcpart
                columns.types string:string:string:string
                serialization.ddl struct srcpart { string key, string value, string ds, string hr}
                serialization.format 1
                columns key,value,ds,hr
                bucket_count -1
                serialization.lib org.apache.hadoop.hive.serde2.lazy.LazySimpleSerDe
                file.inputformat org.apache.hadoop.mapred.TextInputFormat
                file.outputformat org.apache.hadoop.hive.ql.io.HiveIgnoreKeyTextOutputFormat
                location file:/data/tdwadmin/tdwqev1.0R020/qe/build/ql/test/data/warehouse/default_db/srcpart
              serde: org.apache.hadoop.hive.serde2.lazy.LazySimpleSerDe
              name: srcpart

  Stage: Stage-4
    Conditional Operator

  Stage: Stage-3
    Move Operator
      files:
          hdfs directory: true
          source: file:/data/tdwadmin/tdwqev1.0R020/qe/build/ql/tmp/1963523368/10002
          destination: file:/data/tdwadmin/tdwqev1.0R020/qe/build/ql/tmp/1318053711/10000

  Stage: Stage-0
    Move Operator
      tables:
          replace: true
          source: file:/data/tdwadmin/tdwqev1.0R020/qe/build/ql/tmp/1318053711/10000
          table:
            table descs
              input format: org.apache.hadoop.mapred.TextInputFormat
              output format: org.apache.hadoop.hive.ql.io.HiveIgnoreKeyTextOutputFormat
              properties:
                name dest_j1
                columns.types string:string:string
                serialization.ddl struct dest_j1 { string key, string value, string val2}
                serialization.format 1
                columns key,value,val2
                bucket_count -1
                serialization.lib org.apache.hadoop.hive.serde2.lazy.LazySimpleSerDe
                file.inputformat org.apache.hadoop.mapred.TextInputFormat
                file.outputformat org.apache.hadoop.hive.ql.io.HiveIgnoreKeyTextOutputFormat
                location file:/data/tdwadmin/tdwqev1.0R020/qe/build/ql/test/data/warehouse/default_db/dest_j1
                db default_db
              serde: org.apache.hadoop.hive.serde2.lazy.LazySimpleSerDe
              name: dest_j1
          tmp directory: file:/data/tdwadmin/tdwqev1.0R020/qe/build/ql/tmp/1318053711/10001

  Stage: Stage-2
    Map Reduce
      Alias -> Map Operator Tree:
        file:/data/tdwadmin/tdwqev1.0R020/qe/build/ql/tmp/1963523368/10002 
            Operator:            Reduce Output Operator
              key serialize infos:
                table descs
                  input format: org.apache.hadoop.mapred.SequenceFileInputFormat
                  output format: org.apache.hadoop.hive.ql.io.HiveSequenceFileOutputFormat
                  properties:
                    columns 
                    serialization.sort.order 
                    columns.types 
              sort order: 
              output value names: _col0, _col1, _col2
              Map-reduce partition columns:
                    expr: rand()
                    type: double
              tag: -1
              value expressions:
                    expr: key
                    type: string
                    expr: value
                    type: string
                    expr: val2
                    type: string
      Needs Tagging: false
      Path -> Alias:
        file:/data/tdwadmin/tdwqev1.0R020/qe/build/ql/tmp/1963523368/10002 [file:/data/tdwadmin/tdwqev1.0R020/qe/build/ql/tmp/1963523368/10002]
      Path -> Partition:
        file:/data/tdwadmin/tdwqev1.0R020/qe/build/ql/tmp/1963523368/10002 
          Partition
          
            table descs
              input format: org.apache.hadoop.mapred.TextInputFormat
              output format: org.apache.hadoop.hive.ql.io.HiveIgnoreKeyTextOutputFormat
              properties:
                name dest_j1
                columns.types string:string:string
                serialization.ddl struct dest_j1 { string key, string value, string val2}
                serialization.format 1
                columns key,value,val2
                bucket_count -1
                serialization.lib org.apache.hadoop.hive.serde2.lazy.LazySimpleSerDe
                file.inputformat org.apache.hadoop.mapred.TextInputFormat
                file.outputformat org.apache.hadoop.hive.ql.io.HiveIgnoreKeyTextOutputFormat
                location file:/data/tdwadmin/tdwqev1.0R020/qe/build/ql/test/data/warehouse/default_db/dest_j1
                db default_db
              serde: org.apache.hadoop.hive.serde2.lazy.LazySimpleSerDe
              name: dest_j1
      Reduce Operator Tree:
        Operator:        Extract
          Operator:          File Output Operator
            compressed: false
            GlobalTableId: 0
            directory: file:/data/tdwadmin/tdwqev1.0R020/qe/build/ql/tmp/1318053711/10000
            table:
              table descs
                input format: org.apache.hadoop.mapred.TextInputFormat
                output format: org.apache.hadoop.hive.ql.io.HiveIgnoreKeyTextOutputFormat
                properties:
                  name dest_j1
                  columns.types string:string:string
                  serialization.ddl struct dest_j1 { string key, string value, string val2}
                  serialization.format 1
                  columns key,value,val2
                  bucket_count -1
                  serialization.lib org.apache.hadoop.hive.serde2.lazy.LazySimpleSerDe
                  file.inputformat org.apache.hadoop.mapred.TextInputFormat
                  location file:/data/tdwadmin/tdwqev1.0R020/qe/build/ql/test/data/warehouse/default_db/dest_j1
                  file.outputformat org.apache.hadoop.hive.ql.io.HiveIgnoreKeyTextOutputFormat
                  db default_db
                serde: org.apache.hadoop.hive.serde2.lazy.LazySimpleSerDe
                name: dest_j1

query: INSERT OVERWRITE TABLE dest_j1
SELECT /*+ MAPJOIN(x,y) */ x.key, z.value, y.value
FROM src1 x JOIN src y ON (x.key = y.key) 
JOIN srcpart z ON (x.key = z.key and z.ds='2008-04-08' and z.hr=13)
Output: default_db/dest_j1
query: select * from dest_j1 x order by x.key
Output: file:/data/tdwadmin/tdwqev1.0R020/qe/build/ql/tmp/297913212/10000
369	val_369	val_369
369	val_369	val_369
369	val_369	val_369
98	val_98	val_98
98	val_98	val_98
query: drop table dest_j1
query: drop table dest_j1
query: drop table dest_j1
query: drop table dest_j1
query: drop table dest_j1
query: drop table dest_j1
query: drop table dest_j1
query: drop table dest_j1
query: drop table dest_j1
