query: -- to guarantee that a sql which contains both 'join' and 'where' subclause, 
-- the one side of the join contains a table and the other side contains a sub query
-- in such circumstances the partition prune may give a error, this q is to check that
 
create table jswp (a int, b int)
query: create table jswp1 like jswp
query: create table jswp2 like jswp
query: explain insert overwrite table jswp2 select t2.a, t2.b from (select a, count(1) as num from jswp group by a) t1 join jswp1 t2 on(t1.a = t2.a) where t1.a>4
ABSTRACT SYNTAX TREE:
  (TOK_QUERY (TOK_FROM (TOK_JOIN (TOK_SUBQUERY (TOK_QUERY (TOK_FROM (TOK_TABREF (TOK_TAB jswp))) (TOK_INSERT (TOK_DESTINATION (TOK_DIR TOK_TMP_FILE)) (TOK_SELECT (TOK_SELEXPR (TOK_TABLE_OR_COL a)) (TOK_SELEXPR (TOK_FUNCTION count 1) num)) (TOK_GROUPBY (TOK_TABLE_OR_COL a)))) t1) (TOK_TABREF (TOK_TAB jswp1) t2) (= (. (TOK_TABLE_OR_COL t1) a) (. (TOK_TABLE_OR_COL t2) a)))) (TOK_INSERT (TOK_DESTINATION (TOK_TABDEST (TOK_TAB jswp2))) (TOK_SELECT (TOK_SELEXPR (. (TOK_TABLE_OR_COL t2) a)) (TOK_SELEXPR (. (TOK_TABLE_OR_COL t2) b))) (TOK_WHERE (> (. (TOK_TABLE_OR_COL t1) a) 4))))

STAGE DEPENDENCIES:
  Stage-1
    type:root stage;
  Stage-2
    type:;depends on:Stage-1;
  Stage-0
    type:;depends on:Stage-2;

STAGE PLANS:
  Stage: Stage-1
    Map Reduce
      Alias -> Map Operator Tree:
        t1:default_db/jswp 
          Operator:          TableScan
            alias: default_db/jswp
            Operator:            Filter Operator
              predicate:
                  expr: (a > 4)
                  type: boolean
              Operator:              Select Operator
                expressions:
                      expr: a
                      type: int
                outputColumnNames: a
                Operator:                Group By Operator
                  aggregations:
                        expr: count(1)
                  keys:
                        expr: a
                        type: int
                  mode: hash
                  outputColumnNames: _col0, _col1
                  Operator:                  Reduce Output Operator
                    key expressions:
                          expr: _col0
                          type: int
                    key serialize infos:
                      table descs
                        input format: org.apache.hadoop.mapred.SequenceFileInputFormat
                        output format: org.apache.hadoop.hive.ql.io.HiveSequenceFileOutputFormat
                    sort order: +
                    output key names: _col0
                    output value names: _col0
                    Map-reduce partition columns:
                          expr: _col0
                          type: int
                    tag: -1
                    value expressions:
                          expr: _col1
                          type: bigint
      Path -> Alias:
        file:/data/tdwadmin/tdwqev1.0R020/qe/build/ql/test/data/warehouse/default_db/jswp [t1:default_db/jswp]
      Reduce Operator Tree:
        Operator:        Group By Operator
          aggregations:
                expr: count(VALUE._col0)
          keys:
                expr: KEY._col0
                type: int
          mode: mergepartial
          outputColumnNames: _col0, _col1
          Operator:          Select Operator
            expressions:
                  expr: _col0
                  type: int
            outputColumnNames: _col0
            Operator:            File Output Operator
              compressed: false
              GlobalTableId: 0
              table:
                table descs
                  input format: org.apache.hadoop.mapred.SequenceFileInputFormat
                  output format: org.apache.hadoop.hive.ql.io.HiveSequenceFileOutputFormat

  Stage: Stage-2
    Map Reduce
      Alias -> Map Operator Tree:
        $INTNAME 
            Operator:            Reduce Output Operator
              key expressions:
                    expr: _col0
                    type: int
              key serialize infos:
                table descs
                  input format: org.apache.hadoop.mapred.SequenceFileInputFormat
                  output format: org.apache.hadoop.hive.ql.io.HiveSequenceFileOutputFormat
              sort order: +
              output key names: reducesinkkey0
              output value names: _col0
              Map-reduce partition columns:
                    expr: _col0
                    type: int
              tag: 0
              value expressions:
                    expr: _col0
                    type: int
        default_db/jswp1#t2 
          Operator:          TableScan
            alias: default_db/jswp1#t2
            Operator:            Reduce Output Operator
              key expressions:
                    expr: a
                    type: int
              key serialize infos:
                table descs
                  input format: org.apache.hadoop.mapred.SequenceFileInputFormat
                  output format: org.apache.hadoop.hive.ql.io.HiveSequenceFileOutputFormat
              sort order: +
              output key names: reducesinkkey0
              output value names: _col0, _col1
              Map-reduce partition columns:
                    expr: a
                    type: int
              tag: 1
              value expressions:
                    expr: a
                    type: int
                    expr: b
                    type: int
      Path -> Alias:
        file:/data/tdwadmin/tdwqev1.0R020/qe/build/ql/tmp/793240489/10002 [$INTNAME]
        file:/data/tdwadmin/tdwqev1.0R020/qe/build/ql/test/data/warehouse/default_db/jswp1 [default_db/jswp1#t2]
      Reduce Operator Tree:
        Operator:        Join Operator
          condition map:
               Inner Join 0 to 1
          condition expressions:
            0 {VALUE._col0}
            1 {VALUE._col0} {VALUE._col1}
          handleSkewJoin: false
          outputColumnNames: _col0, _col2, _col3
          Operator:          Filter Operator
            predicate:
                expr: (_col0 > 4)
                type: boolean
            Operator:            Select Operator
              expressions:
                    expr: _col2
                    type: int
                    expr: _col3
                    type: int
              outputColumnNames: _col0, _col1
              Operator:              File Output Operator
                compressed: false
                GlobalTableId: 1
                table:
                  table descs
                    input format: org.apache.hadoop.mapred.TextInputFormat
                    output format: org.apache.hadoop.hive.ql.io.HiveIgnoreKeyTextOutputFormat
                    serde: org.apache.hadoop.hive.serde2.lazy.LazySimpleSerDe
                    name: jswp2

  Stage: Stage-0
    Move Operator
      tables:
          replace: true
          table:
            table descs
              input format: org.apache.hadoop.mapred.TextInputFormat
              output format: org.apache.hadoop.hive.ql.io.HiveIgnoreKeyTextOutputFormat
              serde: org.apache.hadoop.hive.serde2.lazy.LazySimpleSerDe
              name: jswp2

query: drop table jswp
query: drop table jswp1
query: drop table jswp2
query: drop table jswp2
query: drop table jswp2
query: drop table jswp2
query: drop table jswp2
query: drop table jswp2
query: drop table jswp2
query: drop table jswp2
query: drop table jswp2
