query: DROP TABLE nulltest
query: DROP TABLE nulltest1
query: CREATE TABLE nulltest(int_data1 INT, int_data2 INT, boolean_data BOOLEAN, double_data DOUBLE, string_data STRING) ROW FORMAT DELIMITED FIELDS TERMINATED BY ','
query: LOAD DATA LOCAL INPATH '../data/files/nulltest.txt' INTO TABLE nulltest
query: CREATE TABLE nulltest1(int_data1 INT) ROW FORMAT DELIMITED FIELDS TERMINATED BY ','
query: INSERT TABLE nulltest1 SELECT int_data1 FROM nulltest
Output: default_db/nulltest1
query: EXPLAIN SELECT int_data2,COUNT(1) FROM (SELECT /*+MAPJOIN(A)*/ int_data2, 1 AS C1, 0 AS C2 FROM nulltest A JOIN nulltest1 B ON(A.INT_DATA1 = B.INT_DATA1) UNION ALL SELECT /*+MAPJOIN(A)*/ INT_DATA2, 1 AS C1, 2 AS C2 FROM nulltest A JOIN nulltest1 B ON(A.INT_DATA1 = B.INT_DATA1)) MAPJOINTABLE GROUP BY int_data2
ABSTRACT SYNTAX TREE:
  (TOK_QUERY (TOK_FROM (TOK_SUBQUERY (TOK_UNION (TOK_QUERY (TOK_FROM (TOK_JOIN (TOK_TABREF (TOK_TAB nulltest) A) (TOK_TABREF (TOK_TAB nulltest1) B) (= (. (TOK_TABLE_OR_COL A) INT_DATA1) (. (TOK_TABLE_OR_COL B) INT_DATA1)))) (TOK_INSERT (TOK_DESTINATION (TOK_DIR TOK_TMP_FILE)) (TOK_SELECT (TOK_HINTLIST (TOK_HINT TOK_MAPJOIN (TOK_HINTARGLIST (TOK_TABLE_OR_COL A)))) (TOK_SELEXPR (TOK_TABLE_OR_COL int_data2)) (TOK_SELEXPR 1 C1) (TOK_SELEXPR 0 C2)))) (TOK_QUERY (TOK_FROM (TOK_JOIN (TOK_TABREF (TOK_TAB nulltest) A) (TOK_TABREF (TOK_TAB nulltest1) B) (= (. (TOK_TABLE_OR_COL A) INT_DATA1) (. (TOK_TABLE_OR_COL B) INT_DATA1)))) (TOK_INSERT (TOK_DESTINATION (TOK_DIR TOK_TMP_FILE)) (TOK_SELECT (TOK_HINTLIST (TOK_HINT TOK_MAPJOIN (TOK_HINTARGLIST (TOK_TABLE_OR_COL A)))) (TOK_SELEXPR (TOK_TABLE_OR_COL INT_DATA2)) (TOK_SELEXPR 1 C1) (TOK_SELEXPR 2 C2))))) MAPJOINTABLE)) (TOK_INSERT (TOK_DESTINATION (TOK_DIR TOK_TMP_FILE)) (TOK_SELECT (TOK_SELEXPR (TOK_TABLE_OR_COL int_data2)) (TOK_SELEXPR (TOK_FUNCTION COUNT 1))) (TOK_GROUPBY (TOK_TABLE_OR_COL int_data2))))

STAGE DEPENDENCIES:
  Stage-1
    type:root stage;
  Stage-3
    type:;depends on:Stage-1,Stage-5;
  Stage-5
    type:root stage;
  Stage-0
    type:root stage;

STAGE PLANS:
  Stage: Stage-1
    Map Reduce
      Alias -> Map Operator Tree:
        null-subquery1:mapjointable-subquery1:default_db/nulltest1#b 
          Operator:          TableScan
            alias: default_db/nulltest1#b
            Operator:            Common Join Operator
              condition map:
                   Inner Join 0 to 1
              condition expressions:
                0 {int_data2}
                1 
              handleSkewJoin: false
              keys:
                0 [Column[int_data1]]
                1 [Column[int_data1]]
              outputColumnNames: _col1
              Position of Big Table: 1
              Operator:              File Output Operator
                compressed: false
                GlobalTableId: 0
                table:
                  table descs
                    input format: org.apache.hadoop.mapred.SequenceFileInputFormat
                    output format: org.apache.hadoop.hive.ql.io.HiveSequenceFileOutputFormat
      Local Work:
        Map Reduce Local Work
          Alias -> Map Local Tables:
            null-subquery1:mapjointable-subquery1:default_db/nulltest#a 
              Fetch Operator
                limit: -1
          Alias -> Map Local Operator Tree:
            null-subquery1:mapjointable-subquery1:default_db/nulltest#a 
              Operator:              TableScan
                alias: default_db/nulltest#a
                Operator:                Common Join Operator
                  condition map:
                       Inner Join 0 to 1
                  condition expressions:
                    0 {int_data2}
                    1 
                  handleSkewJoin: false
                  keys:
                    0 [Column[int_data1]]
                    1 [Column[int_data1]]
                  outputColumnNames: _col1
                  Position of Big Table: 1
                  Operator:                  File Output Operator
                    compressed: false
                    GlobalTableId: 0
                    table:
                      table descs
                        input format: org.apache.hadoop.mapred.SequenceFileInputFormat
                        output format: org.apache.hadoop.hive.ql.io.HiveSequenceFileOutputFormat
      Path -> Alias:
        file:/data/tdwadmin/tdwqev1.0R020/qe/build/ql/test/data/warehouse/default_db/nulltest1 [null-subquery1:mapjointable-subquery1:default_db/nulltest1#b]

  Stage: Stage-3
    Map Reduce
      Alias -> Map Operator Tree:
        file:/data/tdwadmin/tdwqev1.0R020/qe/build/ql/tmp/566076155/10002 
          Operator:          Select Operator
            expressions:
                  expr: _col1
                  type: int
            outputColumnNames: _col1
            Operator:            Select Operator
              expressions:
                    expr: _col1
                    type: int
                    expr: 1
                    type: int
                    expr: 0
                    type: int
              outputColumnNames: _col0, _col1, _col2
              Operator:              Union
                Operator:                Select Operator
                  expressions:
                        expr: _col0
                        type: int
                  outputColumnNames: _col0
                  Operator:                  Group By Operator
                    aggregations:
                          expr: count(1)
                    keys:
                          expr: _col0
                          type: int
                    mode: hash
                    outputColumnNames: _col0, _col1
                    Operator:                    Reduce Output Operator
                      key expressions:
                            expr: _col0
                            type: int
                      key serialize infos:
                        table descs
                          input format: org.apache.hadoop.mapred.SequenceFileInputFormat
                          output format: org.apache.hadoop.hive.ql.io.HiveSequenceFileOutputFormat
                      sort order: +
                      output key names: _col0
                      output value names: _col0
                      Map-reduce partition columns:
                            expr: _col0
                            type: int
                      tag: -1
                      value expressions:
                            expr: _col1
                            type: bigint
        file:/data/tdwadmin/tdwqev1.0R020/qe/build/ql/tmp/566076155/10003 
          Operator:          Select Operator
            expressions:
                  expr: _col1
                  type: int
            outputColumnNames: _col1
            Operator:            Select Operator
              expressions:
                    expr: _col1
                    type: int
                    expr: 1
                    type: int
                    expr: 2
                    type: int
              outputColumnNames: _col0, _col1, _col2
              Operator:              Union
                Operator:                Select Operator
                  expressions:
                        expr: _col0
                        type: int
                  outputColumnNames: _col0
                  Operator:                  Group By Operator
                    aggregations:
                          expr: count(1)
                    keys:
                          expr: _col0
                          type: int
                    mode: hash
                    outputColumnNames: _col0, _col1
                    Operator:                    Reduce Output Operator
                      key expressions:
                            expr: _col0
                            type: int
                      key serialize infos:
                        table descs
                          input format: org.apache.hadoop.mapred.SequenceFileInputFormat
                          output format: org.apache.hadoop.hive.ql.io.HiveSequenceFileOutputFormat
                      sort order: +
                      output key names: _col0
                      output value names: _col0
                      Map-reduce partition columns:
                            expr: _col0
                            type: int
                      tag: -1
                      value expressions:
                            expr: _col1
                            type: bigint
      Path -> Alias:
        file:/data/tdwadmin/tdwqev1.0R020/qe/build/ql/tmp/566076155/10002 [file:/data/tdwadmin/tdwqev1.0R020/qe/build/ql/tmp/566076155/10002]
        file:/data/tdwadmin/tdwqev1.0R020/qe/build/ql/tmp/566076155/10003 [file:/data/tdwadmin/tdwqev1.0R020/qe/build/ql/tmp/566076155/10003]
      Reduce Operator Tree:
        Operator:        Group By Operator
          aggregations:
                expr: count(VALUE._col0)
          keys:
                expr: KEY._col0
                type: int
          mode: mergepartial
          outputColumnNames: _col0, _col1
          Operator:          Select Operator
            expressions:
                  expr: _col0
                  type: int
                  expr: _col1
                  type: bigint
            outputColumnNames: _col0, _col1
            Operator:            File Output Operator
              compressed: false
              GlobalTableId: 0
              table:
                table descs
                  input format: org.apache.hadoop.mapred.TextInputFormat
                  output format: org.apache.hadoop.hive.ql.io.HiveIgnoreKeyTextOutputFormat

  Stage: Stage-5
    Map Reduce
      Alias -> Map Operator Tree:
        null-subquery2:mapjointable-subquery2:default_db/nulltest1#b 
          Operator:          TableScan
            alias: default_db/nulltest1#b
            Operator:            Common Join Operator
              condition map:
                   Inner Join 0 to 1
              condition expressions:
                0 {int_data2}
                1 
              handleSkewJoin: false
              keys:
                0 [Column[int_data1]]
                1 [Column[int_data1]]
              outputColumnNames: _col1
              Position of Big Table: 1
              Operator:              File Output Operator
                compressed: false
                GlobalTableId: 0
                table:
                  table descs
                    input format: org.apache.hadoop.mapred.SequenceFileInputFormat
                    output format: org.apache.hadoop.hive.ql.io.HiveSequenceFileOutputFormat
      Local Work:
        Map Reduce Local Work
          Alias -> Map Local Tables:
            null-subquery2:mapjointable-subquery2:default_db/nulltest#a 
              Fetch Operator
                limit: -1
          Alias -> Map Local Operator Tree:
            null-subquery2:mapjointable-subquery2:default_db/nulltest#a 
              Operator:              TableScan
                alias: default_db/nulltest#a
                Operator:                Common Join Operator
                  condition map:
                       Inner Join 0 to 1
                  condition expressions:
                    0 {int_data2}
                    1 
                  handleSkewJoin: false
                  keys:
                    0 [Column[int_data1]]
                    1 [Column[int_data1]]
                  outputColumnNames: _col1
                  Position of Big Table: 1
                  Operator:                  File Output Operator
                    compressed: false
                    GlobalTableId: 0
                    table:
                      table descs
                        input format: org.apache.hadoop.mapred.SequenceFileInputFormat
                        output format: org.apache.hadoop.hive.ql.io.HiveSequenceFileOutputFormat
      Path -> Alias:
        file:/data/tdwadmin/tdwqev1.0R020/qe/build/ql/test/data/warehouse/default_db/nulltest1 [null-subquery2:mapjointable-subquery2:default_db/nulltest1#b]

  Stage: Stage-0
    Fetch Operator
      limit: -1

query: SELECT int_data2,COUNT(1) FROM (SELECT /*+MAPJOIN(A)*/ int_data2, 1 AS C1, 0 AS C2 FROM nulltest A JOIN nulltest1 B ON(A.INT_DATA1 = B.INT_DATA1) UNION ALL SELECT /*+MAPJOIN(A)*/ INT_DATA2, 1 AS C1, 2 AS C2 FROM nulltest A JOIN nulltest1 B ON(A.INT_DATA1 = B.INT_DATA1)) MAPJOINTABLE GROUP BY int_data2
Output: file:/data/tdwadmin/tdwqev1.0R020/qe/build/ql/tmp/1162066768/10000
NULL	66
0	40
1	40
2	28
3	12
4	14
5	40
8	14
9	14
query: SELECT int_data2,COUNT(1) FROM (SELECT int_data2, 1 AS C1, 0 AS C2 FROM nulltest A JOIN nulltest1 B ON(A.INT_DATA1 = B.INT_DATA1) UNION ALL SELECT INT_DATA2, 1 AS C1, 2 AS C2 FROM nulltest A JOIN nulltest1 B ON(A.INT_DATA1 = B.INT_DATA1)) MAPJOINTABLE GROUP BY int_data2
Output: file:/data/tdwadmin/tdwqev1.0R020/qe/build/ql/tmp/1787188693/10000
NULL	66
0	40
1	40
2	28
3	12
4	14
5	40
8	14
9	14
query: DROP TABLE nulltest
query: DROP TABLE nulltest1
query: DROP TABLE nulltest1
query: DROP TABLE nulltest1
query: DROP TABLE nulltest1
query: DROP TABLE nulltest1
query: DROP TABLE nulltest1
query: DROP TABLE nulltest1
query: DROP TABLE nulltest1
query: DROP TABLE nulltest1
