query: DROP TABLE tbl1
query: CREATE TABLE tbl1(a bigint, b bigint, c bigint, d bigint, e bigint)
query: LOAD DATA LOCAL INPATH '../data/files/md_join_test_tbl1.txt' INTO TABLE tbl1
query: EXPLAIN
select a, count(a), count(distinct a) from tbl1 group by a
ABSTRACT SYNTAX TREE:
  (TOK_QUERY (TOK_FROM (TOK_TABREF (TOK_TAB tbl1))) (TOK_INSERT (TOK_DESTINATION (TOK_DIR TOK_TMP_FILE)) (TOK_SELECT (TOK_SELEXPR (TOK_TABLE_OR_COL a)) (TOK_SELEXPR (TOK_FUNCTION count (TOK_TABLE_OR_COL a))) (TOK_SELEXPR (TOK_FUNCTIONDI count (TOK_TABLE_OR_COL a)))) (TOK_GROUPBY (TOK_TABLE_OR_COL a))))

STAGE DEPENDENCIES:
  Stage-1
    type:root stage;
  Stage-0
    type:root stage;

STAGE PLANS:
  Stage: Stage-1
    Map Reduce
      Alias -> Map Operator Tree:
        default_db/tbl1 
          Operator:          TableScan
            alias: default_db/tbl1
            Operator:            Select Operator
              expressions:
                    expr: a
                    type: bigint
              outputColumnNames: a
              Operator:              Reduce Output Operator
                key expressions:
                      expr: a
                      type: bigint
                key serialize infos:
                  table descs
                    input format: org.apache.hadoop.mapred.SequenceFileInputFormat
                    output format: org.apache.hadoop.hive.ql.io.HiveSequenceFileOutputFormat
                sort order: ++
                output key names: _col0, _col1
                tag: -1
      Path -> Alias:
        file:/data/tdwadmin/tdwv1.0R020D004/qe_br_020_ng_new/build/ql/test/data/warehouse/default_db/tbl1 [default_db/tbl1]
      Reduce Operator Tree:
        Operator:        Group By Operator
          aggregations:
                expr: count(KEY._col1:0._col0)
                expr: count(DISTINCT KEY._col1:1._col0)
          keys:
                expr: KEY._col0
                type: bigint
          mode: complete
          outputColumnNames: _col0, _col1, _col2
          UseNewGroupBy: true
          Operator:          Select Operator
            expressions:
                  expr: _col0
                  type: bigint
                  expr: _col1
                  type: bigint
                  expr: _col2
                  type: bigint
            outputColumnNames: _col0, _col1, _col2
            Operator:            File Output Operator
              compressed: false
              GlobalTableId: 0
              table:
                table descs
                  input format: org.apache.hadoop.mapred.TextInputFormat
                  output format: org.apache.hadoop.hive.ql.io.HiveIgnoreKeyTextOutputFormat

  Stage: Stage-0
    Fetch Operator
      limit: -1

query: select a, count(a), count(distinct a) from tbl1 group by a
Output: file:/data/tdwadmin/tdwv1.0R020D004/qe_br_020_ng_new/build/ql/tmp/2053392994/10000
1	10	1
2	10	1
3	10	1
query: EXPLAIN
select a, count(distinct a) from tbl1 group by a
ABSTRACT SYNTAX TREE:
  (TOK_QUERY (TOK_FROM (TOK_TABREF (TOK_TAB tbl1))) (TOK_INSERT (TOK_DESTINATION (TOK_DIR TOK_TMP_FILE)) (TOK_SELECT (TOK_SELEXPR (TOK_TABLE_OR_COL a)) (TOK_SELEXPR (TOK_FUNCTIONDI count (TOK_TABLE_OR_COL a)))) (TOK_GROUPBY (TOK_TABLE_OR_COL a))))

STAGE DEPENDENCIES:
  Stage-1
    type:root stage;
  Stage-0
    type:root stage;

STAGE PLANS:
  Stage: Stage-1
    Map Reduce
      Alias -> Map Operator Tree:
        default_db/tbl1 
          Operator:          TableScan
            alias: default_db/tbl1
            Operator:            Select Operator
              expressions:
                    expr: a
                    type: bigint
              outputColumnNames: a
              Operator:              Reduce Output Operator
                key expressions:
                      expr: a
                      type: bigint
                key serialize infos:
                  table descs
                    input format: org.apache.hadoop.mapred.SequenceFileInputFormat
                    output format: org.apache.hadoop.hive.ql.io.HiveSequenceFileOutputFormat
                sort order: ++
                output key names: _col0, _col1
                tag: -1
      Path -> Alias:
        file:/data/tdwadmin/tdwv1.0R020D004/qe_br_020_ng_new/build/ql/test/data/warehouse/default_db/tbl1 [default_db/tbl1]
      Reduce Operator Tree:
        Operator:        Group By Operator
          aggregations:
                expr: count(DISTINCT KEY._col1:1._col0)
          keys:
                expr: KEY._col0
                type: bigint
          mode: complete
          outputColumnNames: _col0, _col1
          UseNewGroupBy: true
          Operator:          Select Operator
            expressions:
                  expr: _col0
                  type: bigint
                  expr: _col1
                  type: bigint
            outputColumnNames: _col0, _col1
            Operator:            File Output Operator
              compressed: false
              GlobalTableId: 0
              table:
                table descs
                  input format: org.apache.hadoop.mapred.TextInputFormat
                  output format: org.apache.hadoop.hive.ql.io.HiveIgnoreKeyTextOutputFormat

  Stage: Stage-0
    Fetch Operator
      limit: -1

query: select a, count(distinct a) from tbl1 group by a
Output: file:/data/tdwadmin/tdwv1.0R020D004/qe_br_020_ng_new/build/ql/tmp/333916048/10000
1	1
2	1
3	1
query: EXPLAIN
select a, count(a), count(distinct a) from tbl1 group by a
ABSTRACT SYNTAX TREE:
  (TOK_QUERY (TOK_FROM (TOK_TABREF (TOK_TAB tbl1))) (TOK_INSERT (TOK_DESTINATION (TOK_DIR TOK_TMP_FILE)) (TOK_SELECT (TOK_SELEXPR (TOK_TABLE_OR_COL a)) (TOK_SELEXPR (TOK_FUNCTION count (TOK_TABLE_OR_COL a))) (TOK_SELEXPR (TOK_FUNCTIONDI count (TOK_TABLE_OR_COL a)))) (TOK_GROUPBY (TOK_TABLE_OR_COL a))))

STAGE DEPENDENCIES:
  Stage-1
    type:root stage;
  Stage-2
    type:;depends on:Stage-1;
  Stage-0
    type:root stage;

STAGE PLANS:
  Stage: Stage-1
    Map Reduce
      Alias -> Map Operator Tree:
        default_db/tbl1 
          Operator:          TableScan
            alias: default_db/tbl1
            Operator:            Select Operator
              expressions:
                    expr: a
                    type: bigint
              outputColumnNames: a
              Operator:              Reduce Output Operator
                key expressions:
                      expr: a
                      type: bigint
                key serialize infos:
                  table descs
                    input format: org.apache.hadoop.mapred.SequenceFileInputFormat
                    output format: org.apache.hadoop.hive.ql.io.HiveSequenceFileOutputFormat
                sort order: ++
                output key names: _col0, _col1
                tag: -1
      Path -> Alias:
        file:/data/tdwadmin/tdwv1.0R020D004/qe_br_020_ng_new/build/ql/test/data/warehouse/default_db/tbl1 [default_db/tbl1]
      Reduce Operator Tree:
        Operator:        Group By Operator
          aggregations:
                expr: count(KEY._col1:0._col0)
                expr: count(DISTINCT KEY._col1:1._col0)
          keys:
                expr: KEY._col0
                type: bigint
          mode: partial1
          outputColumnNames: _col0, _col1
          UseNewGroupBy: true
          Operator:          File Output Operator
            compressed: false
            GlobalTableId: 0
            table:
              table descs
                input format: org.apache.hadoop.mapred.SequenceFileInputFormat
                output format: org.apache.hadoop.hive.ql.io.HiveSequenceFileOutputFormat

  Stage: Stage-2
    Map Reduce
      Alias -> Map Operator Tree:
        file:/data/tdwadmin/tdwv1.0R020D004/qe_br_020_ng_new/build/ql/tmp/554241433/10002 
            Operator:            Reduce Output Operator
              key expressions:
                    expr: _col0
                    type: bigint
              key serialize infos:
                table descs
                  input format: org.apache.hadoop.mapred.SequenceFileInputFormat
                  output format: org.apache.hadoop.hive.ql.io.HiveSequenceFileOutputFormat
              sort order: +
              output key names: _col0
              output value names: _col1
              tag: -1
      Path -> Alias:
        file:/data/tdwadmin/tdwv1.0R020D004/qe_br_020_ng_new/build/ql/tmp/554241433/10002 [file:/data/tdwadmin/tdwv1.0R020D004/qe_br_020_ng_new/build/ql/tmp/554241433/10002]
      Reduce Operator Tree:
        Operator:        Group By Operator
          aggregations:
                expr: count(VALUE._col1:0._col0)
                expr: count(DISTINCT VALUE._col1:1._col0)
          keys:
                expr: KEY._col0
                type: bigint
          mode: final
          outputColumnNames: _col0, _col1, _col2
          UseNewGroupBy: true
          Operator:          Select Operator
            expressions:
                  expr: _col0
                  type: bigint
                  expr: _col1
                  type: bigint
                  expr: _col2
                  type: bigint
            outputColumnNames: _col0, _col1, _col2
            Operator:            File Output Operator
              compressed: false
              GlobalTableId: 0
              table:
                table descs
                  input format: org.apache.hadoop.mapred.TextInputFormat
                  output format: org.apache.hadoop.hive.ql.io.HiveIgnoreKeyTextOutputFormat

  Stage: Stage-0
    Fetch Operator
      limit: -1

query: select a, count(a), count(distinct a) from tbl1 group by a
Output: file:/data/tdwadmin/tdwv1.0R020D004/qe_br_020_ng_new/build/ql/tmp/1216857401/10000
1	10	1
2	10	1
3	10	1
query: EXPLAIN
select a, count(distinct a) from tbl1 group by a
ABSTRACT SYNTAX TREE:
  (TOK_QUERY (TOK_FROM (TOK_TABREF (TOK_TAB tbl1))) (TOK_INSERT (TOK_DESTINATION (TOK_DIR TOK_TMP_FILE)) (TOK_SELECT (TOK_SELEXPR (TOK_TABLE_OR_COL a)) (TOK_SELEXPR (TOK_FUNCTIONDI count (TOK_TABLE_OR_COL a)))) (TOK_GROUPBY (TOK_TABLE_OR_COL a))))

STAGE DEPENDENCIES:
  Stage-1
    type:root stage;
  Stage-2
    type:;depends on:Stage-1;
  Stage-0
    type:root stage;

STAGE PLANS:
  Stage: Stage-1
    Map Reduce
      Alias -> Map Operator Tree:
        default_db/tbl1 
          Operator:          TableScan
            alias: default_db/tbl1
            Operator:            Select Operator
              expressions:
                    expr: a
                    type: bigint
              outputColumnNames: a
              Operator:              Reduce Output Operator
                key expressions:
                      expr: a
                      type: bigint
                key serialize infos:
                  table descs
                    input format: org.apache.hadoop.mapred.SequenceFileInputFormat
                    output format: org.apache.hadoop.hive.ql.io.HiveSequenceFileOutputFormat
                sort order: ++
                output key names: _col0, _col1
                tag: -1
      Path -> Alias:
        file:/data/tdwadmin/tdwv1.0R020D004/qe_br_020_ng_new/build/ql/test/data/warehouse/default_db/tbl1 [default_db/tbl1]
      Reduce Operator Tree:
        Operator:        Group By Operator
          aggregations:
                expr: count(DISTINCT KEY._col1:1._col0)
          keys:
                expr: KEY._col0
                type: bigint
          mode: partial1
          outputColumnNames: _col0, _col1
          UseNewGroupBy: true
          Operator:          File Output Operator
            compressed: false
            GlobalTableId: 0
            table:
              table descs
                input format: org.apache.hadoop.mapred.SequenceFileInputFormat
                output format: org.apache.hadoop.hive.ql.io.HiveSequenceFileOutputFormat

  Stage: Stage-2
    Map Reduce
      Alias -> Map Operator Tree:
        file:/data/tdwadmin/tdwv1.0R020D004/qe_br_020_ng_new/build/ql/tmp/1702483826/10002 
            Operator:            Reduce Output Operator
              key expressions:
                    expr: _col0
                    type: bigint
              key serialize infos:
                table descs
                  input format: org.apache.hadoop.mapred.SequenceFileInputFormat
                  output format: org.apache.hadoop.hive.ql.io.HiveSequenceFileOutputFormat
              sort order: +
              output key names: _col0
              output value names: _col1
              tag: -1
      Path -> Alias:
        file:/data/tdwadmin/tdwv1.0R020D004/qe_br_020_ng_new/build/ql/tmp/1702483826/10002 [file:/data/tdwadmin/tdwv1.0R020D004/qe_br_020_ng_new/build/ql/tmp/1702483826/10002]
      Reduce Operator Tree:
        Operator:        Group By Operator
          aggregations:
                expr: count(DISTINCT VALUE._col1:1._col0)
          keys:
                expr: KEY._col0
                type: bigint
          mode: final
          outputColumnNames: _col0, _col1
          UseNewGroupBy: true
          Operator:          Select Operator
            expressions:
                  expr: _col0
                  type: bigint
                  expr: _col1
                  type: bigint
            outputColumnNames: _col0, _col1
            Operator:            File Output Operator
              compressed: false
              GlobalTableId: 0
              table:
                table descs
                  input format: org.apache.hadoop.mapred.TextInputFormat
                  output format: org.apache.hadoop.hive.ql.io.HiveIgnoreKeyTextOutputFormat

  Stage: Stage-0
    Fetch Operator
      limit: -1

query: select a, count(distinct a) from tbl1 group by a
Output: file:/data/tdwadmin/tdwv1.0R020D004/qe_br_020_ng_new/build/ql/tmp/683112293/10000
1	1
2	1
3	1
query: EXPLAIN
select a, count(a), count(distinct a) from tbl1 group by a
ABSTRACT SYNTAX TREE:
  (TOK_QUERY (TOK_FROM (TOK_TABREF (TOK_TAB tbl1))) (TOK_INSERT (TOK_DESTINATION (TOK_DIR TOK_TMP_FILE)) (TOK_SELECT (TOK_SELEXPR (TOK_TABLE_OR_COL a)) (TOK_SELEXPR (TOK_FUNCTION count (TOK_TABLE_OR_COL a))) (TOK_SELEXPR (TOK_FUNCTIONDI count (TOK_TABLE_OR_COL a)))) (TOK_GROUPBY (TOK_TABLE_OR_COL a))))

STAGE DEPENDENCIES:
  Stage-1
    type:root stage;
  Stage-2
    type:;depends on:Stage-1;
  Stage-0
    type:root stage;

STAGE PLANS:
  Stage: Stage-1
    Map Reduce
      Alias -> Map Operator Tree:
        default_db/tbl1 
          Operator:          TableScan
            alias: default_db/tbl1
            Operator:            Select Operator
              expressions:
                    expr: a
                    type: bigint
              outputColumnNames: a
              Operator:              Group By Operator
                aggregations:
                      expr: count(a)
                keys:
                      expr: a
                      type: bigint
                mode: hash
                outputColumnNames: _col0, _col1
                UseNewGroupBy: true
                Operator:                Reduce Output Operator
                  key expressions:
                        expr: _col0
                        type: bigint
                  key serialize infos:
                    table descs
                      input format: org.apache.hadoop.mapred.SequenceFileInputFormat
                      output format: org.apache.hadoop.hive.ql.io.HiveSequenceFileOutputFormat
                  sort order: ++
                  output key names: _col0, _col1
                  tag: -1
      Path -> Alias:
        file:/data/tdwadmin/tdwv1.0R020D004/qe_br_020_ng_new/build/ql/test/data/warehouse/default_db/tbl1 [default_db/tbl1]
      Reduce Operator Tree:
        Operator:        Group By Operator
          aggregations:
                expr: count(KEY._col1:0._col0)
                expr: count(DISTINCT KEY._col1:1._col0)
          keys:
                expr: KEY._col0
                type: bigint
          mode: partials
          outputColumnNames: _col0, _col1
          UseNewGroupBy: true
          Operator:          File Output Operator
            compressed: false
            GlobalTableId: 0
            table:
              table descs
                input format: org.apache.hadoop.mapred.SequenceFileInputFormat
                output format: org.apache.hadoop.hive.ql.io.HiveSequenceFileOutputFormat

  Stage: Stage-2
    Map Reduce
      Alias -> Map Operator Tree:
        file:/data/tdwadmin/tdwv1.0R020D004/qe_br_020_ng_new/build/ql/tmp/1148025635/10002 
            Operator:            Reduce Output Operator
              key expressions:
                    expr: _col0
                    type: bigint
              key serialize infos:
                table descs
                  input format: org.apache.hadoop.mapred.SequenceFileInputFormat
                  output format: org.apache.hadoop.hive.ql.io.HiveSequenceFileOutputFormat
              sort order: +
              output key names: _col0
              output value names: _col1
              tag: -1
      Path -> Alias:
        file:/data/tdwadmin/tdwv1.0R020D004/qe_br_020_ng_new/build/ql/tmp/1148025635/10002 [file:/data/tdwadmin/tdwv1.0R020D004/qe_br_020_ng_new/build/ql/tmp/1148025635/10002]
      Reduce Operator Tree:
        Operator:        Group By Operator
          aggregations:
                expr: count(VALUE._col1:0._col0)
                expr: count(DISTINCT VALUE._col1:1._col0)
          keys:
                expr: KEY._col0
                type: bigint
          mode: final
          outputColumnNames: _col0, _col1, _col2
          UseNewGroupBy: true
          Operator:          Select Operator
            expressions:
                  expr: _col0
                  type: bigint
                  expr: _col1
                  type: bigint
                  expr: _col2
                  type: bigint
            outputColumnNames: _col0, _col1, _col2
            Operator:            File Output Operator
              compressed: false
              GlobalTableId: 0
              table:
                table descs
                  input format: org.apache.hadoop.mapred.TextInputFormat
                  output format: org.apache.hadoop.hive.ql.io.HiveIgnoreKeyTextOutputFormat

  Stage: Stage-0
    Fetch Operator
      limit: -1

query: select a, count(a), count(distinct a) from tbl1 group by a
Output: file:/data/tdwadmin/tdwv1.0R020D004/qe_br_020_ng_new/build/ql/tmp/950901252/10000
1	10	1
2	10	1
3	10	1
query: EXPLAIN
select a, count(distinct a) from tbl1 group by a
ABSTRACT SYNTAX TREE:
  (TOK_QUERY (TOK_FROM (TOK_TABREF (TOK_TAB tbl1))) (TOK_INSERT (TOK_DESTINATION (TOK_DIR TOK_TMP_FILE)) (TOK_SELECT (TOK_SELEXPR (TOK_TABLE_OR_COL a)) (TOK_SELEXPR (TOK_FUNCTIONDI count (TOK_TABLE_OR_COL a)))) (TOK_GROUPBY (TOK_TABLE_OR_COL a))))

STAGE DEPENDENCIES:
  Stage-1
    type:root stage;
  Stage-2
    type:;depends on:Stage-1;
  Stage-0
    type:root stage;

STAGE PLANS:
  Stage: Stage-1
    Map Reduce
      Alias -> Map Operator Tree:
        default_db/tbl1 
          Operator:          TableScan
            alias: default_db/tbl1
            Operator:            Select Operator
              expressions:
                    expr: a
                    type: bigint
              outputColumnNames: a
              Operator:              Group By Operator
                aggregations:                keys:
                      expr: a
                      type: bigint
                mode: hash
                outputColumnNames: _col0, _col1
                UseNewGroupBy: true
                Operator:                Reduce Output Operator
                  key expressions:
                        expr: _col0
                        type: bigint
                  key serialize infos:
                    table descs
                      input format: org.apache.hadoop.mapred.SequenceFileInputFormat
                      output format: org.apache.hadoop.hive.ql.io.HiveSequenceFileOutputFormat
                  sort order: ++
                  output key names: _col0, _col1
                  tag: -1
      Path -> Alias:
        file:/data/tdwadmin/tdwv1.0R020D004/qe_br_020_ng_new/build/ql/test/data/warehouse/default_db/tbl1 [default_db/tbl1]
      Reduce Operator Tree:
        Operator:        Group By Operator
          aggregations:
                expr: count(DISTINCT KEY._col1:1._col0)
          keys:
                expr: KEY._col0
                type: bigint
          mode: partials
          outputColumnNames: _col0, _col1
          UseNewGroupBy: true
          Operator:          File Output Operator
            compressed: false
            GlobalTableId: 0
            table:
              table descs
                input format: org.apache.hadoop.mapred.SequenceFileInputFormat
                output format: org.apache.hadoop.hive.ql.io.HiveSequenceFileOutputFormat

  Stage: Stage-2
    Map Reduce
      Alias -> Map Operator Tree:
        file:/data/tdwadmin/tdwv1.0R020D004/qe_br_020_ng_new/build/ql/tmp/1035935665/10002 
            Operator:            Reduce Output Operator
              key expressions:
                    expr: _col0
                    type: bigint
              key serialize infos:
                table descs
                  input format: org.apache.hadoop.mapred.SequenceFileInputFormat
                  output format: org.apache.hadoop.hive.ql.io.HiveSequenceFileOutputFormat
              sort order: +
              output key names: _col0
              output value names: _col1
              tag: -1
      Path -> Alias:
        file:/data/tdwadmin/tdwv1.0R020D004/qe_br_020_ng_new/build/ql/tmp/1035935665/10002 [file:/data/tdwadmin/tdwv1.0R020D004/qe_br_020_ng_new/build/ql/tmp/1035935665/10002]
      Reduce Operator Tree:
        Operator:        Group By Operator
          aggregations:
                expr: count(DISTINCT VALUE._col1:1._col0)
          keys:
                expr: KEY._col0
                type: bigint
          mode: final
          outputColumnNames: _col0, _col1
          UseNewGroupBy: true
          Operator:          Select Operator
            expressions:
                  expr: _col0
                  type: bigint
                  expr: _col1
                  type: bigint
            outputColumnNames: _col0, _col1
            Operator:            File Output Operator
              compressed: false
              GlobalTableId: 0
              table:
                table descs
                  input format: org.apache.hadoop.mapred.TextInputFormat
                  output format: org.apache.hadoop.hive.ql.io.HiveIgnoreKeyTextOutputFormat

  Stage: Stage-0
    Fetch Operator
      limit: -1

query: select a, count(distinct a) from tbl1 group by a
Output: file:/data/tdwadmin/tdwv1.0R020D004/qe_br_020_ng_new/build/ql/tmp/1560268613/10000
1	1
2	1
3	1
query: EXPLAIN
select a, count(a), count(distinct a) from tbl1 group by a
ABSTRACT SYNTAX TREE:
  (TOK_QUERY (TOK_FROM (TOK_TABREF (TOK_TAB tbl1))) (TOK_INSERT (TOK_DESTINATION (TOK_DIR TOK_TMP_FILE)) (TOK_SELECT (TOK_SELEXPR (TOK_TABLE_OR_COL a)) (TOK_SELEXPR (TOK_FUNCTION count (TOK_TABLE_OR_COL a))) (TOK_SELEXPR (TOK_FUNCTIONDI count (TOK_TABLE_OR_COL a)))) (TOK_GROUPBY (TOK_TABLE_OR_COL a))))

STAGE DEPENDENCIES:
  Stage-1
    type:root stage;
  Stage-0
    type:root stage;

STAGE PLANS:
  Stage: Stage-1
    Map Reduce
      Alias -> Map Operator Tree:
        default_db/tbl1 
          Operator:          TableScan
            alias: default_db/tbl1
            Operator:            Select Operator
              expressions:
                    expr: a
                    type: bigint
              outputColumnNames: a
              Operator:              Group By Operator
                aggregations:
                      expr: count(a)
                keys:
                      expr: a
                      type: bigint
                mode: hash
                outputColumnNames: _col0, _col1
                UseNewGroupBy: true
                Operator:                Reduce Output Operator
                  key expressions:
                        expr: _col0
                        type: bigint
                  key serialize infos:
                    table descs
                      input format: org.apache.hadoop.mapred.SequenceFileInputFormat
                      output format: org.apache.hadoop.hive.ql.io.HiveSequenceFileOutputFormat
                  sort order: ++
                  output key names: _col0, _col1
                  tag: -1
      Path -> Alias:
        file:/data/tdwadmin/tdwv1.0R020D004/qe_br_020_ng_new/build/ql/test/data/warehouse/default_db/tbl1 [default_db/tbl1]
      Reduce Operator Tree:
        Operator:        Group By Operator
          aggregations:
                expr: count(KEY._col1:0._col0)
                expr: count(DISTINCT KEY._col1:1._col0)
          keys:
                expr: KEY._col0
                type: bigint
          mode: mergepartial
          outputColumnNames: _col0, _col1, _col2
          UseNewGroupBy: true
          Operator:          Select Operator
            expressions:
                  expr: _col0
                  type: bigint
                  expr: _col1
                  type: bigint
                  expr: _col2
                  type: bigint
            outputColumnNames: _col0, _col1, _col2
            Operator:            File Output Operator
              compressed: false
              GlobalTableId: 0
              table:
                table descs
                  input format: org.apache.hadoop.mapred.TextInputFormat
                  output format: org.apache.hadoop.hive.ql.io.HiveIgnoreKeyTextOutputFormat

  Stage: Stage-0
    Fetch Operator
      limit: -1

query: select a, count(a), count(distinct a) from tbl1 group by a
Output: file:/data/tdwadmin/tdwv1.0R020D004/qe_br_020_ng_new/build/ql/tmp/2138986617/10000
1	10	1
2	10	1
3	10	1
query: EXPLAIN
select a, count(distinct a) from tbl1 group by a
ABSTRACT SYNTAX TREE:
  (TOK_QUERY (TOK_FROM (TOK_TABREF (TOK_TAB tbl1))) (TOK_INSERT (TOK_DESTINATION (TOK_DIR TOK_TMP_FILE)) (TOK_SELECT (TOK_SELEXPR (TOK_TABLE_OR_COL a)) (TOK_SELEXPR (TOK_FUNCTIONDI count (TOK_TABLE_OR_COL a)))) (TOK_GROUPBY (TOK_TABLE_OR_COL a))))

STAGE DEPENDENCIES:
  Stage-1
    type:root stage;
  Stage-0
    type:root stage;

STAGE PLANS:
  Stage: Stage-1
    Map Reduce
      Alias -> Map Operator Tree:
        default_db/tbl1 
          Operator:          TableScan
            alias: default_db/tbl1
            Operator:            Select Operator
              expressions:
                    expr: a
                    type: bigint
              outputColumnNames: a
              Operator:              Group By Operator
                aggregations:                keys:
                      expr: a
                      type: bigint
                mode: hash
                outputColumnNames: _col0, _col1
                UseNewGroupBy: true
                Operator:                Reduce Output Operator
                  key expressions:
                        expr: _col0
                        type: bigint
                  key serialize infos:
                    table descs
                      input format: org.apache.hadoop.mapred.SequenceFileInputFormat
                      output format: org.apache.hadoop.hive.ql.io.HiveSequenceFileOutputFormat
                  sort order: ++
                  output key names: _col0, _col1
                  tag: -1
      Path -> Alias:
        file:/data/tdwadmin/tdwv1.0R020D004/qe_br_020_ng_new/build/ql/test/data/warehouse/default_db/tbl1 [default_db/tbl1]
      Reduce Operator Tree:
        Operator:        Group By Operator
          aggregations:
                expr: count(DISTINCT KEY._col1:1._col0)
          keys:
                expr: KEY._col0
                type: bigint
          mode: mergepartial
          outputColumnNames: _col0, _col1
          UseNewGroupBy: true
          Operator:          Select Operator
            expressions:
                  expr: _col0
                  type: bigint
                  expr: _col1
                  type: bigint
            outputColumnNames: _col0, _col1
            Operator:            File Output Operator
              compressed: false
              GlobalTableId: 0
              table:
                table descs
                  input format: org.apache.hadoop.mapred.TextInputFormat
                  output format: org.apache.hadoop.hive.ql.io.HiveIgnoreKeyTextOutputFormat

  Stage: Stage-0
    Fetch Operator
      limit: -1

query: select a, count(distinct a) from tbl1 group by a
Output: file:/data/tdwadmin/tdwv1.0R020D004/qe_br_020_ng_new/build/ql/tmp/967926200/10000
1	1
2	1
3	1
query: DROP TABLE tbl1
