query: DROP TABLE srcmd
query: CREATE TABLE srcmd(key STRING, value STRING, ds STRING, hr STRING)
query: LOAD DATA LOCAL INPATH '../data/files/kv6.txt' INTO TABLE srcmd
query: DROP TABLE dest_mt5
query: CREATE TABLE dest_mt5(keycnt INT, valuecnt INT) STORED AS TEXTFILE
query: EXPLAIN
FROM src
INSERT OVERWRITE TABLE dest_mt5 SELECT count(distinct src.key), count(distinct src.value)
ABSTRACT SYNTAX TREE:
  (TOK_QUERY (TOK_FROM (TOK_TABREF (TOK_TAB src))) (TOK_INSERT (TOK_DESTINATION (TOK_TABDEST (TOK_TAB dest_mt5))) (TOK_SELECT (TOK_SELEXPR (TOK_FUNCTIONDI count (. (TOK_TABLE_OR_COL src) key))) (TOK_SELEXPR (TOK_FUNCTIONDI count (. (TOK_TABLE_OR_COL src) value))))))

STAGE DEPENDENCIES:
  Stage-1
    type:root stage;
  Stage-0
    type:;depends on:Stage-1;

STAGE PLANS:
  Stage: Stage-1
    Map Reduce
      Alias -> Map Operator Tree:
        default_db/src 
          Operator:          TableScan
            alias: default_db/src
            Operator:            Select Operator
              expressions:
                    expr: key
                    type: string
                    expr: value
                    type: string
              outputColumnNames: key, value
              Operator:              Group By Operator
                aggregations:
                      expr: count(DISTINCT key)
                      expr: count(DISTINCT value)
                keys:
                      expr: key
                      type: string
                      expr: value
                      type: string
                mode: hash
                outputColumnNames: _col0, _col1, _col2, _col3
                Operator:                Reduce Output Operator
                  key expressions:
                        expr: _col0
                        type: string
                        expr: _col1
                        type: string
                  key serialize infos:
                    table descs
                      input format: org.apache.hadoop.mapred.SequenceFileInputFormat
                      output format: org.apache.hadoop.hive.ql.io.HiveSequenceFileOutputFormat
                  sort order: ++
                  output key names: _col0
                  output value names: _col0, _col1
                  tag: -1
                  value expressions:
                        expr: _col2
                        type: bigint
                        expr: _col3
                        type: bigint
      Path -> Alias:
        file:/data/tdwadmin/tdwqev1.0R020/qe/build/ql/test/data/warehouse/default_db/src [default_db/src]
      Reduce Operator Tree:
        Operator:        Group By Operator
          aggregations:
                expr: count(DISTINCT KEY._col0:0._col0)
                expr: count(DISTINCT KEY._col0:1._col0)
          mode: mergepartial
          outputColumnNames: _col0, _col1
          Operator:          Select Operator
            expressions:
                  expr: _col0
                  type: bigint
                  expr: _col1
                  type: bigint
            outputColumnNames: _col0, _col1
            Operator:            Select Operator
              expressions:
                    expr: UDFToInteger(_col0)
                    type: int
                    expr: UDFToInteger(_col1)
                    type: int
              outputColumnNames: _col0, _col1
              Operator:              File Output Operator
                compressed: false
                GlobalTableId: 1
                table:
                  table descs
                    input format: org.apache.hadoop.mapred.TextInputFormat
                    output format: org.apache.hadoop.hive.ql.io.HiveIgnoreKeyTextOutputFormat
                    serde: org.apache.hadoop.hive.serde2.lazy.LazySimpleSerDe
                    name: dest_mt5

  Stage: Stage-0
    Move Operator
      tables:
          replace: true
          table:
            table descs
              input format: org.apache.hadoop.mapred.TextInputFormat
              output format: org.apache.hadoop.hive.ql.io.HiveIgnoreKeyTextOutputFormat
              serde: org.apache.hadoop.hive.serde2.lazy.LazySimpleSerDe
              name: dest_mt5

query: FROM src
INSERT OVERWRITE TABLE dest_mt5 SELECT count(distinct src.key), count(distinct src.value)
Output: default_db/dest_mt5
query: SELECT dest_mt5.* FROM dest_mt5
Input: default_db/dest_mt5
Output: file:/data/tdwadmin/tdwqev1.0R020/qe/build/ql/tmp/1397045375/10000
309	309
query: DROP TABLE dest_mt5
query: DROP TABLE srcmd
query: DROP TABLE srcmd
query: DROP TABLE srcmd
query: DROP TABLE srcmd
query: DROP TABLE srcmd
query: DROP TABLE srcmd
query: DROP TABLE srcmd
query: DROP TABLE srcmd
query: DROP TABLE srcmd
