query: drop database part_db
query: create database part_db
query: use part_db
query: create table test(key int,value string) partition by list(value)(
	partition p1 values in('a','b'),
	partition p2 values in('x'),
	partition default
)
query: explain
select p.key from part_db::test partition(p1) p
ABSTRACT SYNTAX TREE:
  (TOK_QUERY (TOK_FROM (TOK_TABREF (TOK_TAB test (TOK_PARTITIONREF p1) part_db) p)) (TOK_INSERT (TOK_DESTINATION (TOK_DIR TOK_TMP_FILE)) (TOK_SELECT (TOK_SELEXPR (. (TOK_TABLE_OR_COL p) key)))))

STAGE DEPENDENCIES:
  Stage-1
    type:root stage;
  Stage-0
    type:root stage;

STAGE PLANS:
  Stage: Stage-1
    Map Reduce
      Alias -> Map Operator Tree:
        part_db/test#p 
          Operator:          TableScan
            alias: part_db/test#p
            Operator:            Select Operator
              expressions:
                    expr: key
                    type: int
              outputColumnNames: _col0
              Operator:              File Output Operator
                compressed: false
                GlobalTableId: 0
                table:
                  table descs
                    input format: org.apache.hadoop.mapred.TextInputFormat
                    output format: org.apache.hadoop.hive.ql.io.HiveIgnoreKeyTextOutputFormat
      Path -> Alias:
        file:/data/tdwadmin/tdwqev1.0R020/qe/build/ql/test/data/warehouse/part_db.db/test/p1 [part_db/test#p]

  Stage: Stage-0
    Fetch Operator
      limit: -1

query: explain
select p.key from test partition(p1) p
ABSTRACT SYNTAX TREE:
  (TOK_QUERY (TOK_FROM (TOK_TABREF (TOK_TAB test (TOK_PARTITIONREF p1)) p)) (TOK_INSERT (TOK_DESTINATION (TOK_DIR TOK_TMP_FILE)) (TOK_SELECT (TOK_SELEXPR (. (TOK_TABLE_OR_COL p) key)))))

STAGE DEPENDENCIES:
  Stage-1
    type:root stage;
  Stage-0
    type:root stage;

STAGE PLANS:
  Stage: Stage-1
    Map Reduce
      Alias -> Map Operator Tree:
        part_db/test#p 
          Operator:          TableScan
            alias: part_db/test#p
            Operator:            Select Operator
              expressions:
                    expr: key
                    type: int
              outputColumnNames: _col0
              Operator:              File Output Operator
                compressed: false
                GlobalTableId: 0
                table:
                  table descs
                    input format: org.apache.hadoop.mapred.TextInputFormat
                    output format: org.apache.hadoop.hive.ql.io.HiveIgnoreKeyTextOutputFormat
      Path -> Alias:
        file:/data/tdwadmin/tdwqev1.0R020/qe/build/ql/test/data/warehouse/part_db.db/test/p1 [part_db/test#p]

  Stage: Stage-0
    Fetch Operator
      limit: -1

query: use default_db
query: drop table test
query: drop database part_db
query: drop database part_db
query: drop database part_db
query: drop database part_db
query: drop database part_db
query: drop database part_db
query: drop database part_db
query: drop database part_db
query: drop database part_db
