query: create table regexp_instr_test(domain_id string)
query: LOAD DATA LOCAL INPATH '../data/files/domain_id.txt' OVERWRITE INTO TABLE regexp_instr_test
query: select greatest('abc', 'abcd', 'abcde', 'abcdf', null)
,greatest('abc', 'abc') 
,greatest('abc', 'abcd')
,greatest('abc', 'abcd', 'abcde', 'abcdf')
,greatest(1, 1)
,greatest(1, 1000)
,greatest(1, 1000, null)
,greatest(cast(1 as smallint), 1000)
,greatest(6, 6.1)
,greatest(6, 5.9)
,greatest(cast (5 as tinyint), cast(6 as smallint), cast(7 as int), cast(8 as bigint))
,greatest(cast (5 as tinyint), cast(6 as smallint), cast(7 as int), cast(8 as bigint), 7.1)
,greatest(1, 2, least(3, 4, 5), 9)
,greatest(1, 2, greatest(3, 4, 5.0), 4) from regexp_instr_test limit 1
Output: file:/data/tdwadmin/weily/qe_trunk/build/ql/tmp/164126473/10000
NULL	abc	abcd	abcdf	1	1000	NULL	1000	6.1	6.0	8	8.0	9	5.0
query: drop table regexp_instr_test
query: CREATE TABLE test_greatest_string(tstr_1 STRING, tstr_2 STRING, tstr_3 STRING) ROW FORMAT DELIMITED FIELDS TERMINATED BY ','
query: LOAD DATA LOCAL INPATH '../data/files/test_udf_greatest_string' OVERWRITE INTO TABLE test_greatest_string
query: select greatest(tstr_1,tstr_2,tstr_3),tstr_1,tstr_2,tstr_3 from test_greatest_string order by tstr_1
Output: file:/data/tdwadmin/weily/qe_trunk/build/ql/tmp/667356032/10000
afsfeef	afekjf	afej	afsfeef
fjek	ckljklej	ck23	fjek
fjdk	dd	fjdk	eef
er3434	edjfkjfk	e3434	er3434
ejfkej	ejfkej	ejfke	ejfeklsjf
fjekfj	fjekfj	fjeka	fjek
fjkejfafe	fjkejfafe	fjke	fafekfef
jfaaf	fjkejflk	jfaaf	efee
fjkejfs	fjkejfs	afefef34	e3r3f
je	je	NULL	
rgr	jfke		rgr
ngerjf	ngerjf	n	n0
null	null	efe	nul
ufkej	ufkej	tefe	3435
query: DROP TABLE test_greatest_string
query: CREATE TABLE test_greatest_int(tstr_1 int, tstr_2 int, tstr_3 int) ROW FORMAT DELIMITED FIELDS TERMINATED BY ','
query: LOAD DATA LOCAL INPATH '../data/files/test_udf_greatest_int' OVERWRITE INTO TABLE test_greatest_int
query: select greatest(tstr_1,tstr_2,tstr_3),tstr_1,tstr_2,tstr_3 from test_greatest_int order by tstr_1
Output: file:/data/tdwadmin/weily/qe_trunk/build/ql/tmp/900297106/10000
454	0	0	454
NULL	84	NULL	0
324	324	54	-34
645	645	-35456	0
9887	777	9887	3432
query: DROP TABLE test_greatest_int
query: CREATE TABLE test_greatest_bigint(tstr_1 bigint, tstr_2 bigint, tstr_3 bigint) ROW FORMAT DELIMITED FIELDS TERMINATED BY ','
query: LOAD DATA LOCAL INPATH '../data/files/test_udf_greatest_int' OVERWRITE INTO TABLE test_greatest_bigint
query: select greatest(tstr_1,tstr_2,tstr_3),tstr_1,tstr_2,tstr_3 from test_greatest_bigint order by tstr_1
Output: file:/data/tdwadmin/weily/qe_trunk/build/ql/tmp/1146932940/10000
454	0	0	454
NULL	84	NULL	0
324	324	54	-34
645	645	-35456	0
9887	777	9887	3432
query: DROP TABLE test_greatest_bigint
query: CREATE TABLE test_greatest_mix(tstr_1 bigint, tstr_2 int, tstr_3 smallint, tstr_4 tinyint) ROW FORMAT DELIMITED FIELDS TERMINATED BY ','
query: LOAD DATA LOCAL INPATH '../data/files/test_udf_greatest_mix' OVERWRITE INTO TABLE test_greatest_mix
query: select greatest(tstr_1,tstr_2,tstr_3, tstr_4),tstr_1,tstr_2,tstr_3, tstr_4 from test_greatest_mix order by tstr_1
Output: file:/data/tdwadmin/weily/qe_trunk/build/ql/tmp/2085774448/10000
4	1	2	3	4
NULL	2	NULL	NULL	NULL
NULL	32	NULL	NULL	NULL
NULL	33	NULL	80	NULL
NULL	35	NULL	NULL	NULL
query: DROP TABLE test_greatest_mix
