query: CREATE TABLE test_add_months (tdate STRING , tn INT) ROW FORMAT DELIMITED FIELDS TERMINATED BY ','
query: LOAD DATA LOCAL INPATH '../data/files/test_udf_add_months' OVERWRITE INTO TABLE test_add_months
query: SELECT * 
FROM test_add_months
Input: default_db/test_add_months
Output: file:/data/tdwadmin/tdwqev1.0R020/qe/build/ql/tmp/588959779/10000
1991-01-31	1
1992-01-30	1
1993-01-29	1
1999-01-31	-1
1999-01-31	3
2000-06-30	-4
1999-01-31	13
1999-01-31	-25
2012-09-01	-14
2012-11-30	0
	10
	NULL
query: SELECT 
  add_months(test_add_months.tdate,test_add_months.tn)
FROM test_add_months
Output: file:/data/tdwadmin/tdwqev1.0R020/qe/build/ql/tmp/1827171911/10000
1991-02-28
1992-02-29
1993-02-28
1998-12-31
1999-04-30
2000-02-29
2000-02-29
1996-12-31
2011-07-01
2012-11-30
NULL
NULL
query: DROP TABLE test_add_months
query: DROP TABLE test_add_months
query: DROP TABLE test_add_months
query: DROP TABLE test_add_months
query: DROP TABLE test_add_months
query: DROP TABLE test_add_months
query: DROP TABLE test_add_months
query: DROP TABLE test_add_months
query: DROP TABLE test_add_months
