query: CREATE TABLE test_months_between(tdate1 STRING,tdate2 STRING) ROW FORMAT DELIMITED FIELDS TERMINATED BY ','
query: LOAD DATA LOCAL INPATH '../data/files/test_udf_months_between' OVERWRITE INTO TABLE test_months_between
query: SELECT * 
FROM test_months_between
Input: default_db/test_months_between
Output: file:/data/tdwadmin/tdwqev1.0R020/qe/build/ql/tmp/2108023767/10000
2003-1-1	2003-4-14
2005-7-1	2005-3-14
2006-5-1	2002-5-1
fdf	2011-1-1
2012-12-31	2005-7-4
2007-9-12	2009-9-9
fjkd	jfkd
query: SELECT 
  months_between(test_months_between.tdate1,test_months_between.tdate2)
FROM test_months_between
Output: file:/data/tdwadmin/tdwqev1.0R020/qe/build/ql/tmp/374502651/10000
-3.4193548387096775
3.5806451612903225
48.0
NULL
89.87096774193549
-23.903225806451612
NULL
query: DROP TABLE test_months_between
query: DROP TABLE test_months_between
query: DROP TABLE test_months_between
query: DROP TABLE test_months_between
query: DROP TABLE test_months_between
query: DROP TABLE test_months_between
query: DROP TABLE test_months_between
query: DROP TABLE test_months_between
query: DROP TABLE test_months_between
