query: SELECT acos(null)
FROM src LIMIT 1
Output: file:/data/tdwadmin/payniexiao/src/qe/build/ql/tmp/627563491/10000
NULL
query: SELECT acos(0)
FROM src LIMIT 1
Output: file:/data/tdwadmin/payniexiao/src/qe/build/ql/tmp/649142896/10000
1.5707963267948966
query: SELECT acos(-0.5), asin(0.66)
FROM src LIMIT 1
Output: file:/data/tdwadmin/payniexiao/src/qe/build/ql/tmp/1996654535/10000
2.0943951023931957	0.7208187608700897
query: SELECT acos(2)
FROM src LIMIT 1
Output: file:/data/tdwadmin/payniexiao/src/qe/build/ql/tmp/465193678/10000
NaN
