query: EXPLAIN
SELECT lower('AbC 123'), upper('AbC 123') FROM src WHERE key = 86
ABSTRACT SYNTAX TREE:
  (TOK_QUERY (TOK_FROM (TOK_TABREF (TOK_TAB src))) (TOK_INSERT (TOK_DESTINATION (TOK_DIR TOK_TMP_FILE)) (TOK_SELECT (TOK_SELEXPR (TOK_FUNCTION lower 'AbC 123')) (TOK_SELEXPR (TOK_FUNCTION upper 'AbC 123'))) (TOK_WHERE (= (TOK_TABLE_OR_COL key) 86))))

STAGE DEPENDENCIES:
  Stage-1
    type:root stage;
  Stage-0
    type:root stage;

STAGE PLANS:
  Stage: Stage-1
    Map Reduce
      Alias -> Map Operator Tree:
        default_db/src 
          Operator:          TableScan
            alias: default_db/src
            Operator:            Filter Operator
              predicate:
                  expr: (key = 86)
                  type: boolean
              Operator:              Select Operator
                expressions:
                      expr: lower('AbC 123')
                      type: string
                      expr: upper('AbC 123')
                      type: string
                outputColumnNames: _col0, _col1
                Operator:                File Output Operator
                  compressed: false
                  GlobalTableId: 0
                  table:
                    table descs
                      input format: org.apache.hadoop.mapred.TextInputFormat
                      output format: org.apache.hadoop.hive.ql.io.HiveIgnoreKeyTextOutputFormat
      Path -> Alias:
        file:/data/tdwadmin/tdwqev1.0R020/qe/build/ql/test/data/warehouse/default_db/src [default_db/src]

  Stage: Stage-0
    Fetch Operator
      limit: -1

query: SELECT lower('AbC 123'), upper('AbC 123') FROM src WHERE key = 86
Output: file:/data/tdwadmin/tdwqev1.0R020/qe/build/ql/tmp/1129538350/10000
abc 123	ABC 123
query: SELECT lower('AbC 123'), upper('AbC 123') FROM src WHERE key = 86
query: SELECT lower('AbC 123'), upper('AbC 123') FROM src WHERE key = 86
query: SELECT lower('AbC 123'), upper('AbC 123') FROM src WHERE key = 86
query: SELECT lower('AbC 123'), upper('AbC 123') FROM src WHERE key = 86
query: SELECT lower('AbC 123'), upper('AbC 123') FROM src WHERE key = 86
query: SELECT lower('AbC 123'), upper('AbC 123') FROM src WHERE key = 86
query: SELECT lower('AbC 123'), upper('AbC 123') FROM src WHERE key = 86
query: SELECT lower('AbC 123'), upper('AbC 123') FROM src WHERE key = 86
