query: DESCRIBE FUNCTION array
array(n0, n1...) - Creates an array with the given elements 
query: DESCRIBE FUNCTION EXTENDED array
array(n0, n1...) - Creates an array with the given elements 
query: EXPLAIN SELECT array(), array()[1], array(1, 2, 3), array(1, 2, 3)[2], array(1,"a", 2, 3), array(1,"a", 2, 3)[2],
array(array(1), array(2), array(3), array(4))[1][0] FROM src LIMIT 1
ABSTRACT SYNTAX TREE:
  (TOK_QUERY (TOK_FROM (TOK_TABREF (TOK_TAB src))) (TOK_INSERT (TOK_DESTINATION (TOK_DIR TOK_TMP_FILE)) (TOK_SELECT (TOK_SELEXPR (TOK_FUNCTION array)) (TOK_SELEXPR ([ (TOK_FUNCTION array) 1)) (TOK_SELEXPR (TOK_FUNCTION array 1 2 3)) (TOK_SELEXPR ([ (TOK_FUNCTION array 1 2 3) 2)) (TOK_SELEXPR (TOK_FUNCTION array 1 "a" 2 3)) (TOK_SELEXPR ([ (TOK_FUNCTION array 1 "a" 2 3) 2)) (TOK_SELEXPR ([ ([ (TOK_FUNCTION array (TOK_FUNCTION array 1) (TOK_FUNCTION array 2) (TOK_FUNCTION array 3) (TOK_FUNCTION array 4)) 1) 0))) (TOK_LIMIT 1)))

STAGE DEPENDENCIES:
  Stage-1
    type:root stage;
  Stage-0
    type:root stage;

STAGE PLANS:
  Stage: Stage-1
    Map Reduce
      Alias -> Map Operator Tree:
        default_db/src 
          Operator:          TableScan
            alias: default_db/src
            Operator:            Select Operator
              expressions:
                    expr: array()
                    type: array<string>
                    expr: array()[1]
                    type: string
                    expr: array(1,2,3)
                    type: array<int>
                    expr: array(1,2,3)[2]
                    type: int
                    expr: array(1,'a',2,3)
                    type: array<string>
                    expr: array(1,'a',2,3)[2]
                    type: string
                    expr: array(array(1),array(2),array(3),array(4))[1][0]
                    type: int
              outputColumnNames: _col0, _col1, _col2, _col3, _col4, _col5, _col6
              Operator:              Limit
                Operator:                File Output Operator
                  compressed: false
                  GlobalTableId: 0
                  table:
                    table descs
                      input format: org.apache.hadoop.mapred.TextInputFormat
                      output format: org.apache.hadoop.hive.ql.io.HiveIgnoreKeyTextOutputFormat
      Path -> Alias:
        file:/data/tdwadmin/payniexiao/src/qe/build/ql/test/data/warehouse/default_db/src [default_db/src]

  Stage: Stage-0
    Fetch Operator
      limit: 1

query: SELECT array(), array()[1], array(1, 2, 3), array(1, 2, 3)[2], array(1,"a", 2, 3), array(1,"a", 2, 3)[2],
array(array(1), array(2), array(3), array(4))[1][0] FROM src LIMIT 1
Output: file:/data/tdwadmin/payniexiao/src/qe/build/ql/tmp/1474545781/10000
[]	NULL	[1,2,3]	3	["1","a","2","3"]	2	2
