query: SELECT
  nvl2(null,"test2","test3"),
  nvl2(null,null, "test3"),
  nvl2(null, null, null),
  nvl2("test1", "test2", "test3")
 FROM src LIMIT 1
Output: file:/data/tdwadmin/payniexiao/src/qe/build/ql/tmp/1848409107/10000
test3	test3	NULL	test2
query: SELECT
  nvl2(null,2,3),
  nvl2(null,null, 3),
  nvl2(null, null, null),
  nvl2(1, 2, 3)
 FROM src LIMIT 1
Output: file:/data/tdwadmin/payniexiao/src/qe/build/ql/tmp/1142565580/10000
3	3	NULL	2
query: SELECT
  nvl2(null,2.2,3.3),
  nvl2(null,null, 3.4),
  nvl2(null, null, null),
  nvl2(1.1, 2.2, 3.3)
 FROM src LIMIT 1
Output: file:/data/tdwadmin/payniexiao/src/qe/build/ql/tmp/302183006/10000
3.3	3.4	NULL	2.2
