query: DROP TABLE datatest
query: CREATE TABLE datatest(int_data1 INT, int_data2 INT, boolean_data BOOLEAN, double_data DOUBLE, string_data STRING) ROW FORMAT DELIMITED FIELDS TERMINATED BY ','
FAILED: Error in semantic analysis: Can not compute on string type with the AVGover analysis function!
