query: DROP TABLE base64_test
query: EXPLAIN
CREATE TABLE base64_test(key INT, value STRING) STORED AS
  INPUTFORMAT 'org.apache.hadoop.hive.contrib.fileformat.base64.Base64TextInputFormat'
  OUTPUTFORMAT 'org.apache.hadoop.hive.contrib.fileformat.base64.Base64TextOutputFormat'
ABSTRACT SYNTAX TREE:
  (TOK_CREATETABLE base64_test TOK_LIKETABLE (TOK_TABCOLLIST (TOK_TABCOL key TOK_INT) (TOK_TABCOL value TOK_STRING)) (TOK_TABLEFILEFORMAT 'org.apache.hadoop.hive.contrib.fileformat.base64.Base64TextInputFormat' 'org.apache.hadoop.hive.contrib.fileformat.base64.Base64TextOutputFormat'))

STAGE DEPENDENCIES:
  Stage-0
    type:root stage;

STAGE PLANS:
  Stage: Stage-0
      Create Table Operator:
        Create Table
          columns: key int, value string
          if compressed: false
          if not exists: false
          input format: org.apache.hadoop.hive.contrib.fileformat.base64.Base64TextInputFormat
          # buckets: -1
          output format: org.apache.hadoop.hive.contrib.fileformat.base64.Base64TextOutputFormat
          name: base64_test
          isExternal: false

query: CREATE TABLE base64_test(key INT, value STRING) STORED AS
  INPUTFORMAT 'org.apache.hadoop.hive.contrib.fileformat.base64.Base64TextInputFormat'
  OUTPUTFORMAT 'org.apache.hadoop.hive.contrib.fileformat.base64.Base64TextOutputFormat'
query: DESCRIBE EXTENDED base64_test
key	int	
value	string	
	 	 
Detailed Table Information	Table(tableName:base64_test, dbName:default_db, owner:root, createTime:1401413642, lastAccessTime:0, retention:0, sd:StorageDescriptor(cols:[FieldSchema(name:key, type:int, comment:null), FieldSchema(name:value, type:string, comment:null)], location:file:/data/allison/tdw_src/qe_gaia/build/ql/test/data/warehouse/default_db/base64_test, inputFormat:org.apache.hadoop.hive.contrib.fileformat.base64.Base64TextInputFormat, outputFormat:org.apache.hadoop.hive.contrib.fileformat.base64.Base64TextOutputFormat, compressed:false, numBuckets:-1, serdeInfo:SerDeInfo(name:null, serializationLib:org.apache.hadoop.hive.serde2.lazy.LazySimpleSerDe, parameters:{serialization.format=1}), bucketCols:[], sortCols:[], parameters:{}), priPartition:null, subPartition:null, parameters:{}, viewOriginalText:null, viewExpandedText:null, tableType:MANAGED_TABLE, vtables:null, isReplaceOnExit:false)	
query: FROM src
INSERT OVERWRITE TABLE base64_test
SELECT key, value WHERE key < 10
Output: default_db/base64_test
query: SELECT * FROM base64_test order by key,value
Output: file:/data/allison/tdw_src/qe_gaia/build/ql/tmp/allison_201405300934_0.6567170055692871_-1_1438786994/10000
NULL	NULL
NULL	NULL
NULL	NULL
NULL	NULL
NULL	NULL
NULL	NULL
NULL	NULL
NULL	NULL
NULL	NULL
NULL	NULL
0	val_0
0	val_0
0	val_0
2	val_2
4	val_4
5	val_5
5	val_5
5	val_5
8	val_8
9	val_9
query: -- Base64TextInput/OutputFormat supports signature (a prefix to check the validity of
-- the data). These queries test that prefix capabilities.

FROM src
INSERT OVERWRITE TABLE base64_test
SELECT key, value WHERE key < 10
Output: default_db/base64_test
query: SELECT * FROM base64_test order by key,value
Output: file:/data/allison/tdw_src/qe_gaia/build/ql/tmp/allison_201405300934_0.6567170055692871_-1_1913229206/10000
0	val_0
0	val_0
0	val_0
2	val_2
4	val_4
5	val_5
5	val_5
5	val_5
8	val_8
9	val_9
query: DROP TABLE base64_test
